Component: ARM Compiler 5.06 update 7 (build 960) Tool: armlink [4d3601]

==============================================================================

Section Cross References

    startup_stm32f103xe.o(STACK) refers (Special) to heapauxi.o(.text) for __use_two_region_memory
    startup_stm32f103xe.o(HEAP) refers (Special) to heapauxi.o(.text) for __use_two_region_memory
    startup_stm32f103xe.o(RESET) refers (Special) to heapauxi.o(.text) for __use_two_region_memory
    startup_stm32f103xe.o(RESET) refers to startup_stm32f103xe.o(STACK) for __initial_sp
    startup_stm32f103xe.o(RESET) refers to startup_stm32f103xe.o(.text) for Reset_Handler
    startup_stm32f103xe.o(RESET) refers to stm32f1xx_it.o(i.NMI_Handler) for NMI_Handler
    startup_stm32f103xe.o(RESET) refers to stm32f1xx_it.o(i.HardFault_Handler) for HardFault_Handler
    startup_stm32f103xe.o(RESET) refers to stm32f1xx_it.o(i.MemManage_Handler) for MemManage_Handler
    startup_stm32f103xe.o(RESET) refers to stm32f1xx_it.o(i.BusFault_Handler) for BusFault_Handler
    startup_stm32f103xe.o(RESET) refers to stm32f1xx_it.o(i.UsageFault_Handler) for UsageFault_Handler
    startup_stm32f103xe.o(RESET) refers to stm32f1xx_it.o(i.SVC_Handler) for SVC_Handler
    startup_stm32f103xe.o(RESET) refers to stm32f1xx_it.o(i.DebugMon_Handler) for DebugMon_Handler
    startup_stm32f103xe.o(RESET) refers to usmart_port.o(i.TIM4_IRQHandler) for TIM4_IRQHandler
    startup_stm32f103xe.o(RESET) refers to usart.o(i.USART1_IRQHandler) for USART1_IRQHandler
    startup_stm32f103xe.o(RESET) refers to rs485.o(i.USART2_IRQHandler) for USART2_IRQHandler
    startup_stm32f103xe.o(.text) refers (Special) to heapauxi.o(.text) for __use_two_region_memory
    startup_stm32f103xe.o(.text) refers to system_stm32f1xx.o(i.SystemInit) for SystemInit
    startup_stm32f103xe.o(.text) refers to __main.o(!!!main) for __main
    startup_stm32f103xe.o(.text) refers to startup_stm32f103xe.o(HEAP) for Heap_Mem
    startup_stm32f103xe.o(.text) refers to startup_stm32f103xe.o(STACK) for Stack_Mem
    main.o(i.main) refers to _scanf_int.o(.text) for _scanf_int
    main.o(i.main) refers to stm32f1xx_hal.o(i.HAL_Init) for HAL_Init
    main.o(i.main) refers to sys.o(i.sys_stm32_clock_init) for sys_stm32_clock_init
    main.o(i.main) refers to delay.o(i.delay_init) for delay_init
    main.o(i.main) refers to usart.o(i.usart_init) for usart_init
    main.o(i.main) refers to led.o(i.led_init) for led_init
    main.o(i.main) refers to rs485.o(i.rs485_init) for rs485_init
    main.o(i.main) refers to key.o(i.key_init) for key_init
    main.o(i.main) refers to can.o(i.can_init) for can_init
    main.o(i.main) refers to stm32f1xx_hal_uart.o(i.HAL_UART_Transmit) for HAL_UART_Transmit
    main.o(i.main) refers to noretval__2printf.o(.text) for __2printf
    main.o(i.main) refers to control.o(i.state_choice_func) for state_choice_func
    main.o(i.main) refers to __0sscanf.o(.text) for __0sscanf
    main.o(i.main) refers to motor.o(i.Motor_Init) for Motor_Init
    main.o(i.main) refers to motor.o(i.SetVelocity) for SetVelocity
    main.o(i.main) refers to motor.o(i.DisableMotor) for DisableMotor
    main.o(i.main) refers to motor.o(i.StopMotor) for StopMotor
    main.o(i.main) refers to dflt_clz.o(x$fpl$dflt) for __aeabi_i2d
    main.o(i.main) refers to dmul.o(x$fpl$dmul) for __aeabi_dmul
    main.o(i.main) refers to daddsub_clz.o(x$fpl$dsub) for __aeabi_dsub
    main.o(i.main) refers to dfix.o(x$fpl$dfix) for __aeabi_d2iz
    main.o(i.main) refers to daddsub_clz.o(x$fpl$dadd) for __aeabi_dadd
    main.o(i.main) refers to motor.o(i.Motor_Init_Maxon) for Motor_Init_Maxon
    main.o(i.main) refers to motor.o(i.ProfileVelocity) for ProfileVelocity
    main.o(i.main) refers to motor.o(i.DisableMotor_Maxon) for DisableMotor_Maxon
    main.o(i.main) refers to motor.o(i.StopMotor_Maxon) for StopMotor_Maxon
    main.o(i.main) refers to motor.o(i.Get_CurrentPosition) for Get_CurrentPosition
    main.o(i.main) refers to torquesensor.o(i.Get_Torque) for Get_Torque
    main.o(i.main) refers to motor.o(i.Get_CurrentVelocity) for Get_CurrentVelocity
    main.o(i.main) refers to control.o(i.torque2velocity) for torque2velocity
    main.o(i.main) refers to control.o(i.active_control_position_limitation) for active_control_position_limitation
    main.o(i.main) refers to control.o(i.send_joint_data_to_pc) for send_joint_data_to_pc
    main.o(i.main) refers to stm32f1xx_hal_gpio.o(i.HAL_GPIO_TogglePin) for HAL_GPIO_TogglePin
    main.o(i.main) refers to usart.o(.data) for g_usart_rx_sta
    main.o(i.main) refers to usart.o(.bss) for g_usart_rx_buf
    system_stm32f1xx.o(i.SystemCoreClockUpdate) refers to system_stm32f1xx.o(.data) for SystemCoreClock
    system_stm32f1xx.o(i.SystemCoreClockUpdate) refers to system_stm32f1xx.o(.constdata) for AHBPrescTable
    delay.o(i.HAL_Delay) refers to delay.o(i.delay_ms) for delay_ms
[...]
    i.usmart_get_fparam                      0x080059f0   Section        0  usmart_str.o(i.usmart_get_fparam)
    i.usmart_get_input_string                0x08005afc   Section        0  usmart_port.o(i.usmart_get_input_string)
    i.usmart_get_parmpos                     0x08005b24   Section        0  usmart_str.o(i.usmart_get_parmpos)
    i.usmart_init                            0x08005b44   Section        0  usmart.o(i.usmart_init)
    i.usmart_pow                             0x08005b6c   Section        0  usmart_str.o(i.usmart_pow)
    i.usmart_scan                            0x08005b84   Section        0  usmart.o(i.usmart_scan)
    i.usmart_search_nextc                    0x08005c2c   Section        0  usmart_str.o(i.usmart_search_nextc)
    i.usmart_str2num                         0x08005c42   Section        0  usmart_str.o(i.usmart_str2num)
    i.usmart_strcmp                          0x08005d48   Section        0  usmart_str.o(i.usmart_strcmp)
    i.usmart_strcopy                         0x08005d6a   Section        0  usmart_str.o(i.usmart_strcopy)
    i.usmart_strlen                          0x08005d80   Section        0  usmart_str.o(i.usmart_strlen)
    i.usmart_sys_cmd_exe                     0x08005d98   Section        0  usmart.o(i.usmart_sys_cmd_exe)
    i.usmart_timx_get_time                   0x0800648c   Section        0  usmart_port.o(i.usmart_timx_get_time)
    i.usmart_timx_init                       0x080064d0   Section        0  usmart_port.o(i.usmart_timx_init)
    i.usmart_timx_reset_time                 0x08006530   Section        0  usmart_port.o(i.usmart_timx_reset_time)
    i.write_addr                             0x08006564   Section        0  usmart.o(i.write_addr)
    locale$$code                             0x08006568   Section       44  lc_ctype_c.o(locale$$code)
    x$fpl$d2f                                0x08006594   Section       98  d2f.o(x$fpl$d2f)
    x$fpl$dadd                               0x080065f8   Section      336  daddsub_clz.o(x$fpl$dadd)
    _dadd1                                   0x08006609   Thumb Code     0  daddsub_clz.o(x$fpl$dadd)
    x$fpl$dcheck1                            0x08006748   Section       16  dcheck1.o(x$fpl$dcheck1)
    x$fpl$ddiv                               0x08006758   Section      688  ddiv.o(x$fpl$ddiv)
    ddiv_entry                               0x0800675f   Thumb Code     0  ddiv.o(x$fpl$ddiv)
    x$fpl$dfix                               0x08006a08   Section       94  dfix.o(x$fpl$dfix)
    x$fpl$dflt                               0x08006a66   Section       46  dflt_clz.o(x$fpl$dflt)
    x$fpl$dfltu                              0x08006a94   Section       38  dflt_clz.o(x$fpl$dfltu)
    x$fpl$dmul                               0x08006abc   Section      340  dmul.o(x$fpl$dmul)
    x$fpl$dnaninf                            0x08006c10   Section      156  dnaninf.o(x$fpl$dnaninf)
    x$fpl$dretinf                            0x08006cac   Section       12  dretinf.o(x$fpl$dretinf)
    x$fpl$drsb                               0x08006cb8   Section       22  daddsub_clz.o(x$fpl$drsb)
    x$fpl$dsub                               0x08006cd0   Section      468  daddsub_clz.o(x$fpl$dsub)
    _dsub1                                   0x08006ce1   Thumb Code     0  daddsub_clz.o(x$fpl$dsub)
    x$fpl$f2d                                0x08006ea4   Section       86  f2d.o(x$fpl$f2d)
    x$fpl$fadd                               0x08006efc   Section      196  faddsub_clz.o(x$fpl$fadd)
    _fadd1                                   0x08006f0b   Thumb Code     0  faddsub_clz.o(x$fpl$fadd)
    x$fpl$fcmpinf                            0x08006fc0   Section       24  fcmpi.o(x$fpl$fcmpinf)
    x$fpl$ffix                               0x08006fd8   Section       54  ffix.o(x$fpl$ffix)
    x$fpl$fflt                               0x08007010   Section       48  fflt_clz.o(x$fpl$fflt)
    x$fpl$fleqf                              0x08007040   Section      104  fleqf.o(x$fpl$fleqf)
    x$fpl$fmul                               0x080070a8   Section      258  fmul.o(x$fpl$fmul)
    x$fpl$fnaninf                            0x080071aa   Section      140  fnaninf.o(x$fpl$fnaninf)
    x$fpl$fretinf                            0x08007236   Section       10  fretinf.o(x$fpl$fretinf)
    x$fpl$fsub                               0x08007240   Section      234  faddsub_clz.o(x$fpl$fsub)
    _fsub1                                   0x0800724f   Thumb Code     0  faddsub_clz.o(x$fpl$fsub)
    x$fpl$retnan                             0x0800732a   Section      100  retnan.o(x$fpl$retnan)
    x$fpl$scalbn                             0x0800738e   Section       92  scalbn.o(x$fpl$scalbn)
    x$fpl$trapveneer                         0x080073ea   Section       48  trapv.o(x$fpl$trapveneer)
    .constdata                               0x0800741a   Section       24  system_stm32f1xx.o(.constdata)
    x$fpl$usenofp                            0x0800741a   Section        0  usenofp.o(x$fpl$usenofp)
    .constdata                               0x08007434   Section      552  crc.o(.constdata)
    .constdata                               0x0800765c   Section       40  _printf_hex_int.o(.constdata)
    uc_hextab                                0x0800765c   Data          20  _printf_hex_int.o(.constdata)
    lc_hextab                                0x08007670   Data          20  _printf_hex_int.o(.constdata)
    .constdata                               0x08007684   Section       17  __printf_flags_ss_wp.o(.constdata)
    maptable                                 0x08007684   Data          17  __printf_flags_ss_wp.o(.constdata)
    .constdata                               0x08007698   Section       48  cos_i.o(.constdata)
    C                                        0x08007698   Data          48  cos_i.o(.constdata)
    .constdata                               0x080076c8   Section      200  rred.o(.constdata)
    pio2s                                    0x080076c8   Data          48  rred.o(.constdata)
    twooverpi                                0x080076f8   Data         152  rred.o(.constdata)
    .constdata                               0x08007790   Section       40  sin_i.o(.constdata)
    S                                        0x08007790   Data          40  sin_i.o(.constdata)
    .conststring                             0x080077b8   Section       40  usmart.o(.conststring)
    .conststring                             0x080077e0   Section      184  usmart_config.o(.conststring)
    locale$$data                             0x080078b8   Section      272  lc_ctype_c.o(locale$$data)
    __lcctype_c_name                         0x080078bc   Data           2  lc_ctype_c.o(locale$$data)
    __lcctype_c_start                        0x080078c4   Data           0  lc_ctype_c.o(locale$$data)
    __lcctype_c_end                          0x080079c8   Data           0  lc_ctype_c.o(locale$$data)
    .data                                    0x20000000   Section        4  system_stm32f1xx.o(.data)
    .data                                    0x20000004   Section        2  delay.o(.data)
    g_fac_us                                 0x20000004   Data           2  delay.o(.data)
    .data                                    0x20000008   Section        7  usart.o(.data)
    .data                                    0x20000010   Section        9  stm32f1xx_hal.o(.data)
    .data                                    0x20000019   Section        1  rs485.o(.data)
    .data                                    0x2000001c   Section       28  usmart.o(.data)
    .data                                    0x20000038   Section      284  usmart_config.o(.data)
    .bss                                     0x20000154   Section      264  usart.o(.bss)
    .bss                                     0x2000025c   Section      128  rs485.o(.bss)
    .bss                                     0x200002dc   Section       92  can.o(.bss)
    .bss                                     0x20000338   Section       72  usmart_port.o(.bss)
    .bss                                     0x20000380   Section       96  libspace.o(.bss)
    HEAP                                     0x200003e0   Section      512  startup_stm32f103xe.o(HEAP)
    Heap_Mem                                 0x200003e0   Data         512  startup_stm32f103xe.o(HEAP)
    STACK                                    0x200005e0   Section     1024  startup_stm32f103xe.o(STACK)
    Stack_Mem                                0x200005e0   Data        1024  startup_stm32f103xe.o(STACK)
    __initial_sp                             0x200009e0   Data           0  startup_stm32f103xe.o(STACK)

    Global Symbols

    Symbol Name                              Value     Ov Type        Size  Object(Section)

    BuildAttributes$$THM_ISAv4$P$D$K$B$S$PE$A:L22UL41UL21$X:L11$S22US41US21$IEEE1$IW$USESV6$~STKCKD$USESV7$~SHL$OTIME$ROPI$IEEEX$EBA8$UX$STANDARDLIB$REQ8$PRES8$EABIv2 0x00000000   Number         0  anon$$obj.o ABSOLUTE
    __ARM_use_no_argv                        0x00000000   Number         0  main.o ABSOLUTE
    _printf_flags                            0x00000000   Number         0  printf_stubs.o ABSOLUTE
    _printf_return_value                     0x00000000   Number         0  printf_stubs.o ABSOLUTE
    _printf_sizespec                         0x00000000   Number         0  printf_stubs.o ABSOLUTE
    _printf_widthprec                        0x00000000   Number         0  printf_stubs.o ABSOLUTE
    __ARM_exceptions_init                     - Undefined Weak Reference
    __alloca_initialize                       - Undefined Weak Reference
    __arm_fini_                               - Undefined Weak Reference
    __arm_preinit_                            - Undefined Weak Reference
    __cpp_initialize__aeabi_                  - Undefined Weak Reference
    __cxa_finalize                            - Undefined Weak Reference
    __sigvec_lookup                           - Undefined Weak Reference
    _atexit_init                              - Undefined Weak Reference
    _call_atexit_fns                          - Undefined Weak Reference
    _clock_init                               - Undefined Weak Reference
    _fp_trap_init                             - Undefined Weak Reference
    _fp_trap_shutdown                         - Undefined Weak Reference
    _get_lc_collate                           - Undefined Weak Reference
    _get_lc_monetary                          - Undefined Weak Reference
    _get_lc_numeric                           - Undefined Weak Reference
    _get_lc_time                              - Undefined Weak Reference
    _getenv_init                              - Undefined Weak Reference
    _handle_redirection                       - Undefined Weak Reference
    _init_alloc                               - Undefined Weak Reference
    _init_user_alloc                          - Undefined Weak Reference
    _initio                                   - Undefined Weak Reference
    _mutex_acquire                            - Undefined Weak Reference
    _mutex_release                            - Undefined Weak Reference
    _printf_mbtowc                            - Undefined Weak Reference
    _printf_truncate_signed                   - Undefined Weak Reference
    _printf_truncate_unsigned                 - Undefined Weak Reference
    _rand_init                                - Undefined Weak Reference
    _scanf_longlong                           - Undefined Weak Reference
    _scanf_mbtowc                             - Undefined Weak Reference
    _scanf_real                               - Undefined Weak Reference
    _scanf_string                             - Undefined Weak Reference
    _scanf_wctomb                             - Undefined Weak Reference
    _scanf_wstring                            - Undefined Weak Reference
    _signal_finish                            - Undefined Weak Reference
    _signal_init                              - Undefined Weak Reference
    _terminate_alloc                          - Undefined Weak Reference
    _terminate_user_alloc                     - Undefined Weak Reference
    _terminateio                              - Undefined Weak Reference
    __Vectors_Size                           0x00000130   Number         0  startup_stm32f103xe.o ABSOLUTE
    __Vectors                                0x08000000   Data           4  startup_stm32f103xe.o(RESET)
    __Vectors_End                            0x08000130   Data           0  startup_stm32f103xe.o(RESET)
    __main                                   0x08000131   Thumb Code     8  __main.o(!!!main)
    __scatterload                            0x08000139   Thumb Code     0  __scatter.o(!!!scatter)
    __scatterload_rt2                        0x08000139   Thumb Code    44  __scatter.o(!!!scatter)
    __scatterload_rt2_thumb_only             0x08000139   Thumb Code     0  __scatter.o(!!!scatter)
    __scatterload_null                       0x08000147   Thumb Code     0  __scatter.o(!!!scatter)
    __decompress                             0x0800016d   Thumb Code    90  __dczerorl2.o(!!dczerorl2)
    __decompress1                            0x0800016d   Thumb Code     0  __dczerorl2.o(!!dczerorl2)
    __scatterload_zeroinit                   0x080001c9   Thumb Code    28  __scatter_zi.o(!!handler_zi)
    _printf_d                                0x080001e5   Thumb Code     0  _printf_d.o(.ARM.Collect$$_printf_percent$$00000009)
    _printf_percent                          0x080001e5   Thumb Code     0  _printf_percent.o(.ARM.Collect$$_printf_percent$$00000000)
    _printf_u                                0x080001eb   Thumb Code     0  _printf_u.o(.ARM.Collect$$_printf_percent$$0000000A)
    _printf_x                                0x080001f1   Thumb Code     0  _printf_x.o(.ARM.Collect$$_printf_percent$$0000000C)
    _printf_c                                0x080001f7   Thumb Code     0  _printf_c.o(.ARM.Collect$$_printf_percent$$00000013)
    _printf_s                                0x080001fd   Thumb Code     0  _printf_s.o(.ARM.Collect$$_printf_percent$$00000014)
    _printf_percent_end                      0x08000203   Thumb Code     0  _printf_percent_end.o(.ARM.Collect$$_printf_percent$$00000017)
    __rt_lib_init                            0x08000207   Thumb Code     0  libinit.o(.ARM.Collect$$libinit$$00000000)
    __rt_lib_init_fp_1                       0x08000209   Thumb Code     0  libinit2.o(.ARM.Collect$$libinit$$00000002)
    __rt_lib_init_heap_1                     0x08000209   Thumb Code     0  libinit2.o(.ARM.Collect$$libinit$$0000000A)
    __rt_lib_init_lc_common                  0x08000209   Thumb Code     0  libinit2.o(.ARM.Collect$$libinit$$0000000F)
    __rt_lib_init_preinit_1                  0x08000209   Thumb Code     0  libinit2.o(.ARM.Collect$$libinit$$00000004)
    __rt_lib_init_rand_1                     0x08000209   Thumb Code     0  libinit2.o(.ARM.Collect$$libinit$$0000000E)
    __rt_lib_init_user_alloc_1               0x08000209   Thumb Code     0  libinit2.o(.ARM.Collect$$libinit$$0000000C)
    __rt_lib_init_lc_collate_1               0x0800020f   Thumb Code     0  libinit2.o(.ARM.Collect$$libinit$$00000011)
    __rt_lib_init_lc_ctype_2                 0x0800020f   Thumb Code     0  libinit2.o(.ARM.Collect$$libinit$$00000012)
    __rt_lib_init_alloca_1                   0x0800021b   Thumb Code     0  libinit2.o(.ARM.Collect$$libinit$$0000002E)
    __rt_lib_init_argv_1                     0x0800021b   Thumb Code     0  libinit2.o(.ARM.Collect$$libinit$$0000002C)
    __rt_lib_init_atexit_1                   0x0800021b   Thumb Code     0  libinit2.o(.ARM.Collect$$libinit$$0000001B)
    __rt_lib_init_clock_1                    0x0800021b   Thumb Code     0  libinit2.o(.ARM.Collect$$libinit$$00000021)
    __rt_lib_init_cpp_1                      0x0800021b   Thumb Code     0  libinit2.o(.ARM.Collect$$libinit$$00000032)
    __rt_lib_init_exceptions_1               0x0800021b   Thumb Code     0  libinit2.o(.ARM.Collect$$libinit$$00000030)
    __rt_lib_init_fp_trap_1                  0x0800021b   Thumb Code     0  libinit2.o(.ARM.Collect$$libinit$$0000001F)
    __rt_lib_init_getenv_1                   0x0800021b   Thumb Code     0  libinit2.o(.ARM.Collect$$libinit$$00000023)
    __rt_lib_init_lc_ctype_1                 0x0800021b   Thumb Code     0  libinit2.o(.ARM.Collect$$libinit$$00000013)
    __rt_lib_init_lc_monetary_1              0x0800021b   Thumb Code     0  libinit2.o(.ARM.Collect$$libinit$$00000015)
    __rt_lib_init_lc_numeric_1               0x0800021b   Thumb Code     0  libinit2.o(.ARM.Collect$$libinit$$00000017)
    __rt_lib_init_lc_time_1                  0x0800021b   Thumb Code     0  libinit2.o(.ARM.Collect$$libinit$$00000019)
    __rt_lib_init_return                     0x0800021b   Thumb Code     0  libinit2.o(.ARM.Collect$$libinit$$00000033)
    __rt_lib_init_signal_1                   0x0800021b   Thumb Code     0  libinit2.o(.ARM.Collect$$libinit$$0000001D)
    __rt_lib_init_stdio_1                    0x0800021b   Thumb Code     0  libinit2.o(.ARM.Collect$$libinit$$00000025)
    __rt_lib_shutdown                        0x0800021d   Thumb Code     0  libshutdown.o(.ARM.Collect$$libshutdown$$00000000)
    __rt_lib_shutdown_cpp_1                  0x0800021f   Thumb Code     0  libshutdown2.o(.ARM.Collect$$libshutdown$$00000004)
    __rt_lib_shutdown_fini_1                 0x0800021f   Thumb Code     0  libshutdown2.o(.ARM.Collect$$libshutdown$$00000002)
    __rt_lib_shutdown_fp_trap_1              0x0800021f   Thumb Code     0  libshutdown2.o(.ARM.Collect$$libshutdown$$00000009)
    __rt_lib_shutdown_heap_1                 0x0800021f   Thumb Code     0  libshutdown2.o(.ARM.Collect$$libshutdown$$00000011)
    __rt_lib_shutdown_return                 0x0800021f   Thumb Code     0  libshutdown2.o(.ARM.Collect$$libshutdown$$00000012)
    __rt_lib_shutdown_signal_1               0x0800021f   Thumb Code     0  libshutdown2.o(.ARM.Collect$$libshutdown$$0000000C)
    __rt_lib_shutdown_stdio_1                0x0800021f   Thumb Code     0  libshutdown2.o(.ARM.Collect$$libshutdown$$00000006)
    __rt_lib_shutdown_user_alloc_1           0x0800021f   Thumb Code     0  libshutdown2.o(.ARM.Collect$$libshutdown$$0000000E)
    __rt_entry                               0x08000221   Thumb Code     0  __rtentry.o(.ARM.Collect$$rtentry$$00000000)
    __rt_entry_presh_1                       0x08000221   Thumb Code     0  __rtentry2.o(.ARM.Collect$$rtentry$$00000002)
    __rt_entry_sh                            0x08000221   Thumb Code     0  __rtentry4.o(.ARM.Collect$$rtentry$$00000004)
    __rt_entry_li                            0x08000227   Thumb Code     0  __rtentry2.o(.ARM.Collect$$rtentry$$0000000A)
    __rt_entry_postsh_1                      0x08000227   Thumb Code     0  __rtentry2.o(.ARM.Collect$$rtentry$$00000009)
    __rt_entry_main                          0x0800022b   Thumb Code     0  __rtentry2.o(.ARM.Collect$$rtentry$$0000000D)
    __rt_entry_postli_1                      0x0800022b   Thumb Code     0  __rtentry2.o(.ARM.Collect$$rtentry$$0000000C)
    __rt_exit                                0x08000233   Thumb Code     0  rtexit.o(.ARM.Collect$$rtexit$$00000000)
    __rt_exit_ls                             0x08000235   Thumb Code     0  rtexit2.o(.ARM.Collect$$rtexit$$00000003)
    __rt_exit_prels_1                        0x08000235   Thumb Code     0  rtexit2.o(.ARM.Collect$$rtexit$$00000002)
    __rt_exit_exit                           0x08000239   Thumb Code     0  rtexit2.o(.ARM.Collect$$rtexit$$00000004)
    Reset_Handler                            0x08000241   Thumb Code     8  startup_stm32f103xe.o(.text)
    PendSV_Handler                           0x08000257   Thumb Code     2  startup_stm32f103xe.o(.text)
    SysTick_Handler                          0x08000259   Thumb Code     2  startup_stm32f103xe.o(.text)
    ADC1_2_IRQHandler                        0x0800025b   Thumb Code     0  startup_stm32f103xe.o(.text)
    ADC3_IRQHandler                          0x0800025b   Thumb Code     0  startup_stm32f103xe.o(.text)
    CAN1_RX1_IRQHandler                      0x0800025b   Thumb Code     0  startup_stm32f103xe.o(.text)
    CAN1_SCE_IRQHandler                      0x0800025b   Thumb Code     0  startup_stm32f103xe.o(.text)
    DMA1_Channel1_IRQHandler                 0x0800025b   Thumb Code     0  startup_stm32f103xe.o(.text)
    DMA1_Channel2_IRQHandler                 0x0800025b   Thumb Code     0  startup_stm32f103xe.o(.text)
    DMA1_Channel3_IRQHandler                 0x0800025b   Thumb Code     0  startup_stm32f103xe.o(.text)
    DMA1_Channel4_IRQHandler                 0x0800025b   Thumb Code     0  startup_stm32f103xe.o(.text)
    DMA1_Channel5_IRQHandler                 0x0800025b   Thumb Code     0  startup_stm32f103xe.o(.text)
    DMA1_Channel6_IRQHandler                 0x0800025b   Thumb Code     0  startup_stm32f103xe.o(.text)
    DMA1_Channel7_IRQHandler                 0x0800025b   Thumb Code     0  startup_stm32f103xe.o(.text)
    DMA2_Channel1_IRQHandler                 0x0800025b   Thumb Code     0  startup_stm32f103xe.o(.text)
    DMA2_Channel2_IRQHandler                 0x0800025b   Thumb Code     0  startup_stm32f103xe.o(.text)
    DMA2_Channel3_IRQHandler                 0x0800025b   Thumb Code     0  startup_stm32f103xe.o(.text)
    DMA2_Channel4_5_IRQHandler               0x0800025b   Thumb Code     0  startup_stm32f103xe.o(.text)
    EXTI0_IRQHandler                         0x0800025b   Thumb Code     0  startup_stm32f103xe.o(.text)
    EXTI15_10_IRQHandler                     0x0800025b   Thumb Code     0  startup_stm32f103xe.o(.text)
    EXTI1_IRQHandler                         0x0800025b   Thumb Code     0  startup_stm32f103xe.o(.text)
    EXTI2_IRQHandler                         0x0800025b   Thumb Code     0  startup_stm32f103xe.o(.text)
    EXTI3_IRQHandler                         0x0800025b   Thumb Code     0  startup_stm32f103xe.o(.text)
    EXTI4_IRQHandler                         0x0800025b   Thumb Code     0  startup_stm32f103xe.o(.text)
    EXTI9_5_IRQHandler                       0x0800025b   Thumb Code     0  startup_stm32f103xe.o(.text)
    FLASH_IRQHandler                         0x0800025b   Thumb Code     0  startup_stm32f103xe.o(.text)
    FSMC_IRQHandler                          0x0800025b   Thumb Code     0  startup_stm32f103xe.o(.text)
    I2C1_ER_IRQHandler                       0x0800025b   Thumb Code     0  startup_stm32f103xe.o(.text)
    I2C1_EV_IRQHandler                       0x0800025b   Thumb Code     0  startup_stm32f103xe.o(.text)
    I2C2_ER_IRQHandler                       0x0800025b   Thumb Code     0  startup_stm32f103xe.o(.text)
    I2C2_EV_IRQHandler                       0x0800025b   Thumb Code     0  startup_stm32f103xe.o(.text)
    PVD_IRQHandler                           0x0800025b   Thumb Code     0  startup_stm32f103xe.o(.text)
    RCC_IRQHandler                           0x0800025b   Thumb Code     0  startup_stm32f103xe.o(.text)
    RTC_Alarm_IRQHandler                     0x0800025b   Thumb Code     0  startup_stm32f103xe.o(.text)
    RTC_IRQHandler                           0x0800025b   Thumb Code     0  startup_stm32f103xe.o(.text)
    SDIO_IRQHandler                          0x0800025b   Thumb Code     0  startup_stm32f103xe.o(.text)
    SPI1_IRQHandler                          0x0800025b   Thumb Code     0  startup_stm32f103xe.o(.text)
    SPI2_IRQHandler                          0x0800025b   Thumb Code     0  startup_stm32f103xe.o(.text)
    SPI3_IRQHandler                          0x0800025b   Thumb Code     0  startup_stm32f103xe.o(.text)
    TAMPER_IRQHandler                        0x0800025b   Thumb Code     0  startup_stm32f103xe.o(.text)
    TIM1_BRK_IRQHandler                      0x0800025b   Thumb Code     0  startup_stm32f103xe.o(.text)
    TIM1_CC_IRQHandler                       0x0800025b   Thumb Code     0  startup_stm32f103xe.o(.text)
    TIM1_TRG_COM_IRQHandler                  0x0800025b   Thumb Code     0  startup_stm32f103xe.o(.text)
    TIM1_UP_IRQHandler                       0x0800025b   Thumb Code     0  startup_stm32f103xe.o(.text)
    TIM2_IRQHandler                          0x0800025b   Thumb Code     0  startup_stm32f103xe.o(.text)
    TIM3_IRQHandler                          0x0800025b   Thumb Code     0  startup_stm32f103xe.o(.text)
    TIM5_IRQHandler                          0x0800025b   Thumb Code     0  startup_stm32f103xe.o(.text)
    TIM6_IRQHandler                          0x0800025b   Thumb Code     0  startup_stm32f103xe.o(.text)
    TIM7_IRQHandler                          0x0800025b   Thumb Code     0  startup_stm32f103xe.o(.text)
    TIM8_BRK_IRQHandler                      0x0800025b   Thumb Code     0  startup_stm32f103xe.o(.text)
    TIM8_CC_IRQHandler                       0x0800025b   Thumb Code     0  startup_stm32f103xe.o(.text)
    TIM8_TRG_COM_IRQHandler                  0x0800025b   Thumb Code     0  startup_stm32f103xe.o(.text)
    TIM8_UP_IRQHandler                       0x0800025b   Thumb Code     0  startup_stm32f103xe.o(.text)
    UART4_IRQHandler                         0x0800025b   Thumb Code     0  startup_stm32f103xe.o(.text)
    UART5_IRQHandler                         0x0800025b   Thumb Code     0  startup_stm32f103xe.o(.text)
    USART3_IRQHandler                        0x0800025b   Thumb Code     0  startup_stm32f103xe.o(.text)
    USBWakeUp_IRQHandler                     0x0800025b   Thumb Code     0  startup_stm32f103xe.o(.text)
    USB_HP_CAN1_TX_IRQHandler                0x0800025b   Thumb Code     0  startup_stm32f103xe.o(.text)
    USB_LP_CAN1_RX0_IRQHandler               0x0800025b   Thumb Code     0  startup_stm32f103xe.o(.text)
    WWDG_IRQHandler                          0x0800025b   Thumb Code     0  startup_stm32f103xe.o(.text)
    __user_initial_stackheap                 0x0800025d   Thumb Code     0  startup_stm32f103xe.o(.text)
    __use_no_semihosting                     0x08000281   Thumb Code     2  use_no_semi_2.o(.text)
    __2printf                                0x08000285   Thumb Code    20  noretval__2printf.o(.text)
    __2sprintf                               0x0800029d   Thumb Code    34  noretval__2sprintf.o(.text)
    _printf_pre_padding                      0x080002c5   Thumb Code    44  _printf_pad.o(.text)
    _printf_post_padding                     0x080002f1   Thumb Code    34  _printf_pad.o(.text)
    _printf_str                              0x08000313   Thumb Code    82  _printf_str.o(.text)
    _printf_int_dec                          0x08000365   Thumb Code   104  _printf_dec.o(.text)
    _printf_int_hex                          0x080003dd   Thumb Code    84  _printf_hex_int.o(.text)
    _printf_longlong_hex                     0x080003dd   Thumb Code     0  _printf_hex_int.o(.text)
    __printf                                 0x08000435   Thumb Code   388  __printf_flags_ss_wp.o(.text)
    __0sscanf                                0x080005bd   Thumb Code    52  __0sscanf.o(.text)
    _scanf_int                               0x080005f9   Thumb Code   332  _scanf_int.o(.text)
    strlen                                   0x08000745   Thumb Code    62  strlen.o(.text)
    strncmp                                  0x08000783   Thumb Code   150  strncmp.o(.text)
    __aeabi_memclr4                          0x08000819   Thumb Code     0  rt_memclr_w.o(.text)
    __aeabi_memclr8                          0x08000819   Thumb Code     0  rt_memclr_w.o(.text)
    __rt_memclr_w                            0x08000819   Thumb Code    78  rt_memclr_w.o(.text)
    _memset_w                                0x0800081d   Thumb Code     0  rt_memclr_w.o(.text)
    __use_two_region_memory                  0x08000867   Thumb Code     2  heapauxi.o(.text)
    __rt_heap_escrow$2region                 0x08000869   Thumb Code     2  heapauxi.o(.text)
    __rt_heap_expand$2region                 0x0800086b   Thumb Code     2  heapauxi.o(.text)
    __semihosting$guard                      0x0800086d   Thumb Code     0  use_no_semi.o(.text)
    __use_no_semihosting_swi                 0x0800086d   Thumb Code     2  use_no_semi.o(.text)
    __read_errno                             0x0800086f   Thumb Code    10  _rserrno.o(.text)
    __set_errno                              0x08000879   Thumb Code    12  _rserrno.o(.text)
    _printf_int_common                       0x08000885   Thumb Code   178  _printf_intcommon.o(.text)
    _printf_char_common                      0x08000943   Thumb Code    32  _printf_char_common.o(.text)
    _sputc                                   0x08000969   Thumb Code    10  _sputc.o(.text)
    _printf_cs_common                        0x08000973   Thumb Code    20  _printf_char.o(.text)
    _printf_char                             0x08000987   Thumb Code    16  _printf_char.o(.text)
    _printf_string                           0x08000997   Thumb Code     8  _printf_char.o(.text)
    _printf_char_file                        0x080009a1   Thumb Code    32  _printf_char_file.o(.text)
    _chval                                   0x080009c5   Thumb Code    28  _chval.o(.text)
    __vfscanf_char                           0x080009ed   Thumb Code    24  scanf_char.o(.text)
    _sgetc                                   0x08000a0d   Thumb Code    30  _sgetc.o(.text)
    _sbackspace                              0x08000a2b   Thumb Code    34  _sgetc.o(.text)
    __aeabi_errno_addr                       0x08000a4d   Thumb Code     8  rt_errno_addr_intlibspace.o(.text)
    __errno$intlibspace                      0x08000a4d   Thumb Code     0  rt_errno_addr_intlibspace.o(.text)
    __rt_errno_addr$intlibspace              0x08000a4d   Thumb Code     0  rt_errno_addr_intlibspace.o(.text)
    isspace                                  0x08000a55   Thumb Code    18  isspace.o(.text)
    __vfscanf                                0x08000a69   Thumb Code   880  _scanf.o(.text)
    ferror                                   0x08000ddd   Thumb Code     8  ferror.o(.text)
    __user_libspace                          0x08000de5   Thumb Code     8  libspace.o(.text)
    __user_perproc_libspace                  0x08000de5   Thumb Code     0  libspace.o(.text)
    __user_perthread_libspace                0x08000de5   Thumb Code     0  libspace.o(.text)
    __user_setup_stackheap                   0x08000ded   Thumb Code    74  sys_stackheap_outer.o(.text)
    __rt_ctype_table                         0x08000e39   Thumb Code    16  rt_ctype_table.o(.text)
    exit                                     0x08000e49   Thumb Code    18  exit.o(.text)
    __rt_locale                              0x08000e5d   Thumb Code     8  rt_locale_intlibspace.o(.text)
    strcmp                                   0x08000e65   Thumb Code   128  strcmpv7m.o(.text)
    BusFault_Handler                         0x08000ee5   Thumb Code     4  stm32f1xx_it.o(i.BusFault_Handler)
    DebugMon_Handler                         0x08000ee9   Thumb Code     2  stm32f1xx_it.o(i.DebugMon_Handler)
    DisableMotor                             0x08000eeb   Thumb Code    58  motor.o(i.DisableMotor)
    DisableMotor_Maxon                       0x08000f25   Thumb Code    60  motor.o(i.DisableMotor_Maxon)
    Get_CurrentPosition                      0x08000f61   Thumb Code   156  motor.o(i.Get_CurrentPosition)
    Get_CurrentVelocity                      0x08000ffd   Thumb Code   156  motor.o(i.Get_CurrentVelocity)
    Get_Torque                               0x08001099   Thumb Code   184  torquesensor.o(i.Get_Torque)
    HAL_CAN_AddTxMessage                     0x08001181   Thumb Code   342  stm32f1xx_hal_can.o(i.HAL_CAN_AddTxMessage)
    HAL_CAN_ConfigFilter                     0x080012d7   Thumb Code   266  stm32f1xx_hal_can.o(i.HAL_CAN_ConfigFilter)
    HAL_CAN_GetRxFifoFillLevel               0x080013e1   Thumb Code    40  stm32f1xx_hal_can.o(i.HAL_CAN_GetRxFifoFillLevel)
    HAL_CAN_GetRxMessage                     0x08001409   Thumb Code   378  stm32f1xx_hal_can.o(i.HAL_CAN_GetRxMessage)
    HAL_CAN_GetTxMailboxesFreeLevel          0x08001583   Thumb Code    54  stm32f1xx_hal_can.o(i.HAL_CAN_GetTxMailboxesFreeLevel)
    HAL_CAN_Init                             0x080015b9   Thumb Code   372  stm32f1xx_hal_can.o(i.HAL_CAN_Init)
    HAL_CAN_MspInit                          0x0800172d   Thumb Code   150  can.o(i.HAL_CAN_MspInit)
    HAL_CAN_Start                            0x080017d1   Thumb Code    94  stm32f1xx_hal_can.o(i.HAL_CAN_Start)
    HAL_DMA_Abort_IT                         0x08001831   Thumb Code   414  stm32f1xx_hal_dma.o(i.HAL_DMA_Abort_IT)
    HAL_GPIO_Init                            0x080019d9   Thumb Code   792  stm32f1xx_hal_gpio.o(i.HAL_GPIO_Init)
    HAL_GPIO_TogglePin                       0x08001d19   Thumb Code    20  stm32f1xx_hal_gpio.o(i.HAL_GPIO_TogglePin)
    HAL_GPIO_WritePin                        0x08001d2d   Thumb Code    12  stm32f1xx_hal_gpio.o(i.HAL_GPIO_WritePin)
    HAL_GetTick                              0x08001d39   Thumb Code     6  stm32f1xx_hal.o(i.HAL_GetTick)
    HAL_Init                                 0x08001d45   Thumb Code    34  stm32f1xx_hal.o(i.HAL_Init)
    HAL_InitTick                             0x08001d6d   Thumb Code    64  stm32f1xx_hal.o(i.HAL_InitTick)
    HAL_MspInit                              0x08001db9   Thumb Code     2  stm32f1xx_hal.o(i.HAL_MspInit)
    HAL_NVIC_EnableIRQ                       0x08001dbb   Thumb Code    32  stm32f1xx_hal_cortex.o(i.HAL_NVIC_EnableIRQ)
    HAL_NVIC_SetPriority                     0x08001ddb   Thumb Code   124  stm32f1xx_hal_cortex.o(i.HAL_NVIC_SetPriority)
    HAL_NVIC_SetPriorityGrouping             0x08001e59   Thumb Code    32  stm32f1xx_hal_cortex.o(i.HAL_NVIC_SetPriorityGrouping)
    HAL_RCC_ClockConfig                      0x08001e81   Thumb Code   376  stm32f1xx_hal_rcc.o(i.HAL_RCC_ClockConfig)
    HAL_RCC_GetHCLKFreq                      0x0800200d   Thumb Code     6  stm32f1xx_hal_rcc.o(i.HAL_RCC_GetHCLKFreq)
    HAL_RCC_GetPCLK1Freq                     0x08002019   Thumb Code    22  stm32f1xx_hal_rcc.o(i.HAL_RCC_GetPCLK1Freq)
    HAL_RCC_GetPCLK2Freq                     0x08002039   Thumb Code    22  stm32f1xx_hal_rcc.o(i.HAL_RCC_GetPCLK2Freq)
    HAL_RCC_GetSysClockFreq                  0x08002059   Thumb Code   116  stm32f1xx_hal_rcc.o(i.HAL_RCC_GetSysClockFreq)
    HAL_RCC_OscConfig                        0x080020ed   Thumb Code  1114  stm32f1xx_hal_rcc.o(i.HAL_RCC_OscConfig)
    HAL_SYSTICK_CLKSourceConfig              0x08002551   Thumb Code    40  stm32f1xx_hal_cortex.o(i.HAL_SYSTICK_CLKSourceConfig)
    HAL_SYSTICK_Config                       0x08002579   Thumb Code    52  stm32f1xx_hal_cortex.o(i.HAL_SYSTICK_Config)
    HAL_TIM_Base_Init                        0x080025ad   Thumb Code   102  stm32f1xx_hal_tim.o(i.HAL_TIM_Base_Init)
    HAL_TIM_Base_MspInit                     0x08002613   Thumb Code     2  stm32f1xx_hal_tim.o(i.HAL_TIM_Base_MspInit)
    HAL_TIM_Base_Start_IT                    0x08002615   Thumb Code   122  stm32f1xx_hal_tim.o(i.HAL_TIM_Base_Start_IT)
    HAL_UART_ErrorCallback                   0x080026a5   Thumb Code     2  stm32f1xx_hal_uart.o(i.HAL_UART_ErrorCallback)
    HAL_UART_IRQHandler                      0x080026a9   Thumb Code   334  stm32f1xx_hal_uart.o(i.HAL_UART_IRQHandler)
    HAL_UART_Init                            0x080027fd   Thumb Code   114  stm32f1xx_hal_uart.o(i.HAL_UART_Init)
    HAL_UART_MspInit                         0x08002871   Thumb Code   168  usart.o(i.HAL_UART_MspInit)
    HAL_UART_Receive                         0x08002925   Thumb Code   216  stm32f1xx_hal_uart.o(i.HAL_UART_Receive)
    HAL_UART_Receive_IT                      0x080029fd   Thumb Code   112  stm32f1xx_hal_uart.o(i.HAL_UART_Receive_IT)
    HAL_UART_RxCpltCallback                  0x08002a6d   Thumb Code   120  usart.o(i.HAL_UART_RxCpltCallback)
    HAL_UART_Transmit                        0x08002af5   Thumb Code   210  stm32f1xx_hal_uart.o(i.HAL_UART_Transmit)
    HAL_UART_TxCpltCallback                  0x08002bc7   Thumb Code     2  stm32f1xx_hal_uart.o(i.HAL_UART_TxCpltCallback)
    HardFault_Handler                        0x08002bc9   Thumb Code     4  stm32f1xx_it.o(i.HardFault_Handler)
    MemManage_Handler                        0x08002bcd   Thumb Code     4  stm32f1xx_it.o(i.MemManage_Handler)
    ModbusCRC_CheckTable                     0x08002bd1   Thumb Code    48  crc.o(i.ModbusCRC_CheckTable)
    Motor_Init                               0x08002c09   Thumb Code  2094  motor.o(i.Motor_Init)
    Motor_Init_Maxon                         0x08003439   Thumb Code   344  motor.o(i.Motor_Init_Maxon)
    NMI_Handler                              0x08003625   Thumb Code     2  stm32f1xx_it.o(i.NMI_Handler)
    PID_Reset                                0x08003627   Thumb Code    12  control.o(i.PID_Reset)
    ProfileVelocity                          0x08003633   Thumb Code   134  motor.o(i.ProfileVelocity)
    SVC_Handler                              0x080036e1   Thumb Code     2  stm32f1xx_it.o(i.SVC_Handler)
    SetVelocity                              0x080036e3   Thumb Code    70  motor.o(i.SetVelocity)
    StopMotor                                0x08003729   Thumb Code    58  motor.o(i.StopMotor)
    StopMotor_Maxon                          0x08003763   Thumb Code    66  motor.o(i.StopMotor_Maxon)
    SystemInit                               0x080037a5   Thumb Code     2  system_stm32f1xx.o(i.SystemInit)
    TIM4_IRQHandler                          0x080037a9   Thumb Code    58  usmart_port.o(i.TIM4_IRQHandler)
    TIM_Base_SetConfig                       0x080037ed   Thumb Code   134  stm32f1xx_hal_tim.o(i.TIM_Base_SetConfig)
    USART1_IRQHandler                        0x08003b45   Thumb Code    26  usart.o(i.USART1_IRQHandler)
    USART2_IRQHandler                        0x08003b69   Thumb Code    60  rs485.o(i.USART2_IRQHandler)
    UsageFault_Handler                       0x08003bb1   Thumb Code     4  stm32f1xx_it.o(i.UsageFault_Handler)
    __ARM_fpclassify                         0x08003bb5   Thumb Code    40  fpclassify.o(i.__ARM_fpclassify)
    __ieee754_rem_pio2                       0x08003c15   Thumb Code   828  rred.o(i.__ieee754_rem_pio2)
    __kernel_cos                             0x08003f9d   Thumb Code   230  cos_i.o(i.__kernel_cos)
    __kernel_poly                            0x08004099   Thumb Code   170  poly.o(i.__kernel_poly)
    __kernel_sin                             0x08004145   Thumb Code   224  sin_i.o(i.__kernel_sin)
    __mathlib_dbl_infnan                     0x08004231   Thumb Code     6  dunder.o(i.__mathlib_dbl_infnan)
    __mathlib_dbl_invalid                    0x08004237   Thumb Code    12  dunder.o(i.__mathlib_dbl_invalid)
    __mathlib_dbl_underflow                  0x08004245   Thumb Code    10  dunder.o(i.__mathlib_dbl_underflow)
    _is_digit                                0x08004255   Thumb Code    14  __printf_wp.o(i._is_digit)
    _sys_exit                                0x08004263   Thumb Code     4  usart.o(i._sys_exit)
    active_control                           0x08004267   Thumb Code   262  control.o(i.active_control)
    active_control_position_limitation       0x0800436d   Thumb Code   418  control.o(i.active_control_position_limitation)
    can_init                                 0x08004515   Thumb Code   130  can.o(i.can_init)
    can_receive_msg                          0x080045a1   Thumb Code    68  can.o(i.can_receive_msg)
    can_send_msg                             0x080045ed   Thumb Code    62  can.o(i.can_send_msg)
    cos                                      0x08004635   Thumb Code   148  cos.o(i.cos)
    delay_init                               0x080046d1   Thumb Code    34  delay.o(i.delay_init)
    delay_ms                                 0x080046f9   Thumb Code    50  delay.o(i.delay_ms)
    delay_us                                 0x08004731   Thumb Code    72  delay.o(i.delay_us)
    fputc                                    0x0800477d   Thumb Code    24  usart.o(i.fputc)
    free_move                                0x08004799   Thumb Code   284  control.o(i.free_move)
    key_init                                 0x080048b5   Thumb Code   172  key.o(i.key_init)
    led_init                                 0x0800496d   Thumb Code   132  led.o(i.led_init)
    main                                     0x080049fd   Thumb Code   814  main.o(i.main)
    pid_control                              0x08004d59   Thumb Code   140  control.o(i.pid_control)
    read_addr                                0x08004de5   Thumb Code     6  usmart.o(i.read_addr)
    rs485_init                               0x08004ded   Thumb Code   268  rs485.o(i.rs485_init)
    rs485_receive_data                       0x08004f0d   Thumb Code    54  rs485.o(i.rs485_receive_data)
    rs485_send_data                          0x08004f4d   Thumb Code    56  rs485.o(i.rs485_send_data)
    send_joint_data_to_pc                    0x08004f91   Thumb Code    48  control.o(i.send_joint_data_to_pc)
    sgn                                      0x08004fdd   Thumb Code    18  control.o(i.sgn)
    state_choice_func                        0x08004ff1   Thumb Code    56  control.o(i.state_choice_func)
    sys_stm32_clock_init                     0x08005045   Thumb Code   102  sys.o(i.sys_stm32_clock_init)
    torque2velocity                          0x080050ad   Thumb Code   574  control.o(i.torque2velocity)
    update_motor_speed                       0x080052f9   Thumb Code   112  control.o(i.update_motor_speed)
    usart_init                               0x08005369   Thumb Code    44  usart.o(i.usart_init)
    usmart_cmd_rec                           0x080053a1   Thumb Code   170  usmart.o(i.usmart_cmd_rec)
    usmart_exe                               0x08005451   Thumb Code   632  usmart.o(i.usmart_exe)
    usmart_get_aparm                         0x08005725   Thumb Code   212  usmart_str.o(i.usmart_get_aparm)
    usmart_get_cmdname                       0x080057f9   Thumb Code    54  usmart_str.o(i.usmart_get_cmdname)
    usmart_get_fname                         0x08005831   Thumb Code   440  usmart_str.o(i.usmart_get_fname)
    usmart_get_fparam                        0x080059f1   Thumb Code   262  usmart_str.o(i.usmart_get_fparam)
    usmart_get_input_string                  0x08005afd   Thumb Code    30  usmart_port.o(i.usmart_get_input_string)
    usmart_get_parmpos                       0x08005b25   Thumb Code    26  usmart_str.o(i.usmart_get_parmpos)
    usmart_init                              0x08005b45   Thumb Code    36  usmart.o(i.usmart_init)
    usmart_pow                               0x08005b6d   Thumb Code    22  usmart_str.o(i.usmart_pow)
    usmart_scan                              0x08005b85   Thumb Code   106  usmart.o(i.usmart_scan)
    usmart_search_nextc                      0x08005c2d   Thumb Code    22  usmart_str.o(i.usmart_search_nextc)
    usmart_str2num                           0x08005c43   Thumb Code   262  usmart_str.o(i.usmart_str2num)
    usmart_strcmp                            0x08005d49   Thumb Code    34  usmart_str.o(i.usmart_strcmp)
    usmart_strcopy                           0x08005d6b   Thumb Code    22  usmart_str.o(i.usmart_strcopy)
    usmart_strlen                            0x08005d81   Thumb Code    24  usmart_str.o(i.usmart_strlen)
    usmart_sys_cmd_exe                       0x08005d99   Thumb Code  1570  usmart.o(i.usmart_sys_cmd_exe)
    usmart_timx_get_time                     0x0800648d   Thumb Code    58  usmart_port.o(i.usmart_timx_get_time)
    usmart_timx_init                         0x080064d1   Thumb Code    84  usmart_port.o(i.usmart_timx_init)
    usmart_timx_reset_time                   0x08006531   Thumb Code    44  usmart_port.o(i.usmart_timx_reset_time)
    write_addr                               0x08006565   Thumb Code     4  usmart.o(i.write_addr)
    _get_lc_ctype                            0x08006569   Thumb Code    44  lc_ctype_c.o(locale$$code)
    __aeabi_d2f                              0x08006595   Thumb Code     0  d2f.o(x$fpl$d2f)
    _d2f                                     0x08006595   Thumb Code    98  d2f.o(x$fpl$d2f)
    __aeabi_dadd                             0x080065f9   Thumb Code     0  daddsub_clz.o(x$fpl$dadd)
    _dadd                                    0x080065f9   Thumb Code   332  daddsub_clz.o(x$fpl$dadd)
    __fpl_dcheck_NaN1                        0x08006749   Thumb Code    10  dcheck1.o(x$fpl$dcheck1)
    __aeabi_ddiv                             0x08006759   Thumb Code     0  ddiv.o(x$fpl$ddiv)
    _ddiv                                    0x08006759   Thumb Code   552  ddiv.o(x$fpl$ddiv)
    __aeabi_d2iz                             0x08006a09   Thumb Code     0  dfix.o(x$fpl$dfix)
    _dfix                                    0x08006a09   Thumb Code    94  dfix.o(x$fpl$dfix)
    __aeabi_i2d                              0x08006a67   Thumb Code     0  dflt_clz.o(x$fpl$dflt)
    _dflt                                    0x08006a67   Thumb Code    46  dflt_clz.o(x$fpl$dflt)
    __aeabi_ui2d                             0x08006a95   Thumb Code     0  dflt_clz.o(x$fpl$dfltu)
    _dfltu                                   0x08006a95   Thumb Code    38  dflt_clz.o(x$fpl$dfltu)
    __aeabi_dmul                             0x08006abd   Thumb Code     0  dmul.o(x$fpl$dmul)
    _dmul                                    0x08006abd   Thumb Code   332  dmul.o(x$fpl$dmul)
    __fpl_dnaninf                            0x08006c11   Thumb Code   156  dnaninf.o(x$fpl$dnaninf)
    __fpl_dretinf                            0x08006cad   Thumb Code    12  dretinf.o(x$fpl$dretinf)
    __aeabi_drsub                            0x08006cb9   Thumb Code     0  daddsub_clz.o(x$fpl$drsb)
    _drsb                                    0x08006cb9   Thumb Code    22  daddsub_clz.o(x$fpl$drsb)
    __aeabi_dsub                             0x08006cd1   Thumb Code     0  daddsub_clz.o(x$fpl$dsub)
    _dsub                                    0x08006cd1   Thumb Code   464  daddsub_clz.o(x$fpl$dsub)
    __aeabi_f2d                              0x08006ea5   Thumb Code     0  f2d.o(x$fpl$f2d)
    _f2d                                     0x08006ea5   Thumb Code    86  f2d.o(x$fpl$f2d)
    __aeabi_fadd                             0x08006efd   Thumb Code     0  faddsub_clz.o(x$fpl$fadd)
    _fadd                                    0x08006efd   Thumb Code   196  faddsub_clz.o(x$fpl$fadd)
    __fpl_fcmp_Inf                           0x08006fc1   Thumb Code    24  fcmpi.o(x$fpl$fcmpinf)
    __aeabi_f2iz                             0x08006fd9   Thumb Code     0  ffix.o(x$fpl$ffix)
    _ffix                                    0x08006fd9   Thumb Code    54  ffix.o(x$fpl$ffix)
    __aeabi_i2f                              0x08007011   Thumb Code     0  fflt_clz.o(x$fpl$fflt)
    _fflt                                    0x08007011   Thumb Code    48  fflt_clz.o(x$fpl$fflt)
    __aeabi_cfcmple                          0x08007041   Thumb Code     0  fleqf.o(x$fpl$fleqf)
    _fcmple                                  0x08007041   Thumb Code   104  fleqf.o(x$fpl$fleqf)
    __fpl_fcmple_InfNaN                      0x08007093   Thumb Code     0  fleqf.o(x$fpl$fleqf)
    __aeabi_fmul                             0x080070a9   Thumb Code     0  fmul.o(x$fpl$fmul)
    _fmul                                    0x080070a9   Thumb Code   258  fmul.o(x$fpl$fmul)
    __fpl_fnaninf                            0x080071ab   Thumb Code   140  fnaninf.o(x$fpl$fnaninf)
    __fpl_fretinf                            0x08007237   Thumb Code    10  fretinf.o(x$fpl$fretinf)
    __aeabi_fsub                             0x08007241   Thumb Code     0  faddsub_clz.o(x$fpl$fsub)
    _fsub                                    0x08007241   Thumb Code   234  faddsub_clz.o(x$fpl$fsub)
    __fpl_return_NaN                         0x0800732b   Thumb Code   100  retnan.o(x$fpl$retnan)
    __ARM_scalbn                             0x0800738f   Thumb Code    92  scalbn.o(x$fpl$scalbn)
    __fpl_cmpreturn                          0x080073eb   Thumb Code    48  trapv.o(x$fpl$trapveneer)
    AHBPrescTable                            0x0800741a   Data          16  system_stm32f1xx.o(.constdata)
    __I$use$fp                               0x0800741a   Number         0  usenofp.o(x$fpl$usenofp)
    APBPrescTable                            0x0800742a   Data           8  system_stm32f1xx.o(.constdata)
    polynom16                                0x08007434   Data           2  crc.o(.constdata)
    polynom32                                0x08007438   Data           4  crc.o(.constdata)
    CRCTableHigh                             0x0800743c   Data         256  crc.o(.constdata)
    CRCTableLow                              0x0800753c   Data         256  crc.o(.constdata)
    CRCTableAbs                              0x0800763c   Data          32  crc.o(.constdata)
    Region$$Table$$Base                      0x08007898   Number         0  anon$$obj.o(Region$$Table)
    Region$$Table$$Limit                     0x080078b8   Number         0  anon$$obj.o(Region$$Table)
    __ctype                                  0x080078c5   Data           0  lc_ctype_c.o(locale$$data)
    SystemCoreClock                          0x20000000   Data           4  system_stm32f1xx.o(.data)
    __stdout                                 0x20000008   Data           4  usart.o(.data)
    g_usart_rx_sta                           0x2000000c   Data           2  usart.o(.data)
    g_rx_buffer                              0x2000000e   Data           1  usart.o(.data)
    uwTick                                   0x20000010   Data           4  stm32f1xx_hal.o(.data)
    uwTickPrio                               0x20000014   Data           4  stm32f1xx_hal.o(.data)
    uwTickFreq                               0x20000018   Data           1  stm32f1xx_hal.o(.data)
    g_RS485_rx_cnt                           0x20000019   Data           1  rs485.o(.data)
    sys_cmd_tab                              0x2000001c   Data          28  usmart.o(.data)
    usmart_nametab                           0x20000038   Data          40  usmart_config.o(.data)
    usmart_dev                               0x20000060   Data         244  usmart_config.o(.data)
    g_usart_rx_buf                           0x20000154   Data         200  usart.o(.bss)
    g_uart1_handle                           0x2000021c   Data          64  usart.o(.bss)
    g_rs458_handler                          0x2000025c   Data          64  rs485.o(.bss)
    g_RS485_rx_buf                           0x2000029c   Data          64  rs485.o(.bss)
    g_canx_handler                           0x200002dc   Data          40  can.o(.bss)
    g_canx_txheader                          0x20000304   Data          24  can.o(.bss)
    g_canx_rxheader                          0x2000031c   Data          28  can.o(.bss)
    g_timx_usmart_handle                     0x20000338   Data          72  usmart_port.o(.bss)
    __libspace_start                         0x20000380   Data          96  libspace.o(.bss)
    __temporary_stack_top$libspace           0x200003e0   Data           0  libspace.o(.bss)



==============================================================================

Memory Map of the image

  Image Entry point : 0x08000131

  Load Region LR_IROM1 (Base: 0x08000000, Size: 0x00007b1c, Max: 0x00080000, ABSOLUTE, COMPRESSED[0x00007a24])

    Execution Region ER_IROM1 (Exec base: 0x08000000, Load base: 0x08000000, Size: 0x000079c8, Max: 0x00080000, ABSOLUTE)

    Exec Addr    Load Addr    Size         Type   Attr      Idx    E Section Name        Object

    0x08000000   0x08000000   0x00000130   Data   RO            3    RESET               startup_stm32f103xe.o
    0x08000130   0x08000130   0x00000008   Code   RO         4939  * !!!main             c_w.l(__main.o)
    0x08000138   0x08000138   0x00000034   Code   RO         5248    !!!scatter          c_w.l(__scatter.o)
    0x0800016c   0x0800016c   0x0000005a   Code   RO         5246    !!dczerorl2         c_w.l(__dczerorl2.o)
    0x080001c6   0x080001c6   0x00000002   PAD
    0x080001c8   0x080001c8   0x0000001c   Code   RO         5250    !!handler_zi        c_w.l(__scatter_zi.o)
    0x080001e4   0x080001e4   0x00000000   Code   RO         4926    .ARM.Collect$$_printf_percent$$00000000  c_w.l(_printf_percent.o)
    0x080001e4   0x080001e4   0x00000006   Code   RO         4924    .ARM.Collect$$_printf_percent$$00000009  c_w.l(_printf_d.o)
    0x080001ea   0x080001ea   0x00000006   Code   RO         4925    .ARM.Collect$$_printf_percent$$0000000A  c_w.l(_printf_u.o)
    0x080001f0   0x080001f0   0x00000006   Code   RO         4923    .ARM.Collect$$_printf_percent$$0000000C  c_w.l(_printf_x.o)
    0x080001f6   0x080001f6   0x00000006   Code   RO         4921    .ARM.Collect$$_printf_percent$$00000013  c_w.l(_printf_c.o)
    0x080001fc   0x080001fc   0x00000006   Code   RO         4922    .ARM.Collect$$_printf_percent$$00000014  c_w.l(_printf_s.o)
    0x08000202   0x08000202   0x00000004   Code   RO         5014    .ARM.Collect$$_printf_percent$$00000017  c_w.l(_printf_percent_end.o)
    0x08000206   0x08000206   0x00000002   Code   RO         5110    .ARM.Collect$$libinit$$00000000  c_w.l(libinit.o)
    0x08000208   0x08000208   0x00000000   Code   RO         5124    .ARM.Collect$$libinit$$00000002  c_w.l(libinit2.o)
    0x08000208   0x08000208   0x00000000   Code   RO         5126    .ARM.Collect$$libinit$$00000004  c_w.l(libinit2.o)
    0x08000208   0x08000208   0x00000000   Code   RO         5129    .ARM.Collect$$libinit$$0000000A  c_w.l(libinit2.o)
    0x08000208   0x08000208   0x00000000   Code   RO         5131    .ARM.Collect$$libinit$$0000000C  c_w.l(libinit2.o)
    0x08000208   0x08000208   0x00000000   Code   RO         5133    .ARM.Collect$$libinit$$0000000E  c_w.l(libinit2.o)
    0x08000208   0x08000208   0x00000006   Code   RO         5134    .ARM.Collect$$libinit$$0000000F  c_w.l(libinit2.o)
    0x0800020e   0x0800020e   0x00000000   Code   RO         5136    .ARM.Collect$$libinit$$00000011  c_w.l(libinit2.o)
    0x0800020e   0x0800020e   0x0000000c   Code   RO         5137    .ARM.Collect$$libinit$$00000012  c_w.l(libinit2.o)
    0x0800021a   0x0800021a   0x00000000   Code   RO         5138    .ARM.Collect$$libinit$$00000013  c_w.l(libinit2.o)
    0x0800021a   0x0800021a   0x00000000   Code   RO         5140    .ARM.Collect$$libinit$$00000015  c_w.l(libinit2.o)
    0x0800021a   0x0800021a   0x00000000   Code   RO         5142    .ARM.Collect$$libinit$$00000017  c_w.l(libinit2.o)
    0x0800021a   0x0800021a   0x00000000   Code   RO         5144    .ARM.Collect$$libinit$$00000019  c_w.l(libinit2.o)
    0x0800021a   0x0800021a   0x00000000   Code   RO         5146    .ARM.Collect$$libinit$$0000001B  c_w.l(libinit2.o)
    0x0800021a   0x0800021a   0x00000000   Code   RO         5148    .ARM.Collect$$libinit$$0000001D  c_w.l(libinit2.o)
    0x0800021a   0x0800021a   0x00000000   Code   RO         5150    .ARM.Collect$$libinit$$0000001F  c_w.l(libinit2.o)
    0x0800021a   0x0800021a   0x00000000   Code   RO         5152    .ARM.Collect$$libinit$$00000021  c_w.l(libinit2.o)
    0x0800021a   0x0800021a   0x00000000   Code   RO         5154    .ARM.Collect$$libinit$$00000023  c_w.l(libinit2.o)
    0x0800021a   0x0800021a   0x00000000   Code   RO         5156    .ARM.Collect$$libinit$$00000025  c_w.l(libinit2.o)
    0x0800021a   0x0800021a   0x00000000   Code   RO         5160    .ARM.Collect$$libinit$$0000002C  c_w.l(libinit2.o)
    0x0800021a   0x0800021a   0x00000000   Code   RO         5162    .ARM.Collect$$libinit$$0000002E  c_w.l(libinit2.o)
    0x0800021a   0x0800021a   0x00000000   Code   RO         5164    .ARM.Collect$$libinit$$00000030  c_w.l(libinit2.o)
    0x0800021a   0x0800021a   0x00000000   Code   RO         5166    .ARM.Collect$$libinit$$00000032  c_w.l(libinit2.o)
    0x0800021a   0x0800021a   0x00000002   Code   RO         5167    .ARM.Collect$$libinit$$00000033  c_w.l(libinit2.o)
    0x0800021c   0x0800021c   0x00000002   Code   RO         5191    .ARM.Collect$$libshutdown$$00000000  c_w.l(libshutdown.o)
    0x0800021e   0x0800021e   0x00000000   Code   RO         5199    .ARM.Collect$$libshutdown$$00000002  c_w.l(libshutdown2.o)
    0x0800021e   0x0800021e   0x00000000   Code   RO         5201    .ARM.Collect$$libshutdown$$00000004  c_w.l(libshutdown2.o)
    0x0800021e   0x0800021e   0x00000000   Code   RO         5203    .ARM.Collect$$libshutdown$$00000006  c_w.l(libshutdown2.o)
    0x0800021e   0x0800021e   0x00000000   Code   RO         5206    .ARM.Collect$$libshutdown$$00000009  c_w.l(libshutdown2.o)
    0x0800021e   0x0800021e   0x00000000   Code   RO         5209    .ARM.Collect$$libshutdown$$0000000C  c_w.l(libshutdown2.o)
    0x0800021e   0x0800021e   0x00000000   Code   RO         5211    .ARM.Collect$$libshutdown$$0000000E  c_w.l(libshutdown2.o)
    0x0800021e   0x0800021e   0x00000000   Code   RO         5214    .ARM.Collect$$libshutdown$$00000011  c_w.l(libshutdown2.o)
    0x0800021e   0x0800021e   0x00000002   Code   RO         5215    .ARM.Collect$$libshutdown$$00000012  c_w.l(libshutdown2.o)
    0x08000220   0x08000220   0x00000000   Code   RO         5001    .ARM.Collect$$rtentry$$00000000  c_w.l(__rtentry.o)
    0x08000220   0x08000220   0x00000000   Code   RO         5061    .ARM.Collect$$rtentry$$00000002  c_w.l(__rtentry2.o)
    0x08000220   0x08000220   0x00000006   Code   RO         5073    .ARM.Collect$$rtentry$$00000004  c_w.l(__rtentry4.o)
    0x08000226   0x08000226   0x00000000   Code   RO         5063    .ARM.Collect$$rtentry$$00000009  c_w.l(__rtentry2.o)
    0x08000226   0x08000226   0x00000004   Code   RO         5064    .ARM.Collect$$rtentry$$0000000A  c_w.l(__rtentry2.o)
    0x0800022a   0x0800022a   0x00000000   Code   RO         5066    .ARM.Collect$$rtentry$$0000000C  c_w.l(__rtentry2.o)
    0x0800022a   0x0800022a   0x00000008   Code   RO         5067    .ARM.Collect$$rtentry$$0000000D  c_w.l(__rtentry2.o)
    0x08000232   0x08000232   0x00000002   Code   RO         5113    .ARM.Collect$$rtexit$$00000000  c_w.l(rtexit.o)
    0x08000234   0x08000234   0x00000000   Code   RO         5171    .ARM.Collect$$rtexit$$00000002  c_w.l(rtexit2.o)
    0x08000234   0x08000234   0x00000004   Code   RO         5172    .ARM.Collect$$rtexit$$00000003  c_w.l(rtexit2.o)
    0x08000238   0x08000238   0x00000006   Code   RO         5173    .ARM.Collect$$rtexit$$00000004  c_w.l(rtexit2.o)
    0x0800023e   0x0800023e   0x00000002   PAD
    0x08000240   0x08000240   0x00000040   Code   RO            4    .text               startup_stm32f103xe.o
    0x08000280   0x08000280   0x00000002   Code   RO         4862    .text               c_w.l(use_no_semi_2.o)
    0x08000282   0x08000282   0x00000002   PAD
    0x08000284   0x08000284   0x00000018   Code   RO         4868    .text               c_w.l(noretval__2printf.o)
    0x0800029c   0x0800029c   0x00000028   Code   RO         4870    .text               c_w.l(noretval__2sprintf.o)
    0x080002c4   0x080002c4   0x0000004e   Code   RO         4874    .text               c_w.l(_printf_pad.o)
    0x08000312   0x08000312   0x00000052   Code   RO         4876    .text               c_w.l(_printf_str.o)
    0x08000364   0x08000364   0x00000078   Code   RO         4878    .text               c_w.l(_printf_dec.o)
    0x080003dc   0x080003dc   0x00000058   Code   RO         4883    .text               c_w.l(_printf_hex_int.o)
    0x08000434   0x08000434   0x00000188   Code   RO         4918    .text               c_w.l(__printf_flags_ss_wp.o)
    0x080005bc   0x080005bc   0x0000003c   Code   RO         4927    .text               c_w.l(__0sscanf.o)
    0x080005f8   0x080005f8   0x0000014c   Code   RO         4929    .text               c_w.l(_scanf_int.o)
    0x08000744   0x08000744   0x0000003e   Code   RO         4931    .text               c_w.l(strlen.o)
    0x08000782   0x08000782   0x00000096   Code   RO         4933    .text               c_w.l(strncmp.o)
    0x08000818   0x08000818   0x0000004e   Code   RO         4935    .text               c_w.l(rt_memclr_w.o)
    0x08000866   0x08000866   0x00000006   Code   RO         4937    .text               c_w.l(heapauxi.o)
    0x0800086c   0x0800086c   0x00000002   Code   RO         4999    .text               c_w.l(use_no_semi.o)
    0x0800086e   0x0800086e   0x00000016   Code   RO         5002    .text               c_w.l(_rserrno.o)
    0x08000884   0x08000884   0x000000b2   Code   RO         5004    .text               c_w.l(_printf_intcommon.o)
    0x08000936   0x08000936   0x00000002   PAD
    0x08000938   0x08000938   0x00000030   Code   RO         5006    .text               c_w.l(_printf_char_common.o)
    0x08000968   0x08000968   0x0000000a   Code   RO         5008    .text               c_w.l(_sputc.o)
    0x08000972   0x08000972   0x0000002c   Code   RO         5010    .text               c_w.l(_printf_char.o)
    0x0800099e   0x0800099e   0x00000002   PAD
    0x080009a0   0x080009a0   0x00000024   Code   RO         5012    .text               c_w.l(_printf_char_file.o)
    0x080009c4   0x080009c4   0x0000001c   Code   RO         5015    .text               c_w.l(_chval.o)
    0x080009e0   0x080009e0   0x0000002c   Code   RO         5017    .text               c_w.l(scanf_char.o)
    0x08000a0c   0x08000a0c   0x00000040   Code   RO         5019    .text               c_w.l(_sgetc.o)
    0x08000a4c   0x08000a4c   0x00000008   Code   RO         5078    .text               c_w.l(rt_errno_addr_intlibspace.o)
    0x08000a54   0x08000a54   0x00000012   Code   RO         5080    .text               c_w.l(isspace.o)
    0x08000a66   0x08000a66   0x00000002   PAD
    0x08000a68   0x08000a68   0x00000374   Code   RO         5084    .text               c_w.l(_scanf.o)
    0x08000ddc   0x08000ddc   0x00000008   Code   RO         5086    .text               c_w.l(ferror.o)
    0x08000de4   0x08000de4   0x00000008   Code   RO         5096    .text               c_w.l(libspace.o)
    0x08000dec   0x08000dec   0x0000004a   Code   RO         5099    .text               c_w.l(sys_stackheap_outer.o)
    0x08000e36   0x08000e36   0x00000002   PAD
    0x08000e38   0x08000e38   0x00000010   Code   RO         5101    .text               c_w.l(rt_ctype_table.o)
    0x08000e48   0x08000e48   0x00000012   Code   RO         5103    .text               c_w.l(exit.o)
    0x08000e5a   0x08000e5a   0x00000002   PAD
    0x08000e5c   0x08000e5c   0x00000008   Code   RO         5118    .text               c_w.l(rt_locale_intlibspace.o)
    0x08000e64   0x08000e64   0x00000080   Code   RO         5177    .text               c_w.l(strcmpv7m.o)
    0x08000ee4   0x08000ee4   0x00000004   Code   RO          465    i.BusFault_Handler  stm32f1xx_it.o
    0x08000ee8   0x08000ee8   0x00000002   Code   RO          466    i.DebugMon_Handler  stm32f1xx_it.o
    0x08000eea   0x08000eea   0x0000003a   Code   RO         4373    i.DisableMotor      motor.o
    0x08000f24   0x08000f24   0x0000003c   Code   RO         4375    i.DisableMotor_Maxon  motor.o
    0x08000f60   0x08000f60   0x0000009c   Code   RO         4376    i.Get_CurrentPosition  motor.o
    0x08000ffc   0x08000ffc   0x0000009c   Code   RO         4378    i.Get_CurrentVelocity  motor.o
    0x08001098   0x08001098   0x000000e8   Code   RO         4234    i.Get_Torque        torquesensor.o
    0x08001180   0x08001180   0x00000156   Code   RO         3465    i.HAL_CAN_AddTxMessage  stm32f1xx_hal_can.o
    0x080012d6   0x080012d6   0x0000010a   Code   RO         3466    i.HAL_CAN_ConfigFilter  stm32f1xx_hal_can.o
    0x080013e0   0x080013e0   0x00000028   Code   RO         3471    i.HAL_CAN_GetRxFifoFillLevel  stm32f1xx_hal_can.o
    0x08001408   0x08001408   0x0000017a   Code   RO         3472    i.HAL_CAN_GetRxMessage  stm32f1xx_hal_can.o
    0x08001582   0x08001582   0x00000036   Code   RO         3474    i.HAL_CAN_GetTxMailboxesFreeLevel  stm32f1xx_hal_can.o
    0x080015b8   0x080015b8   0x00000174   Code   RO         3477    i.HAL_CAN_Init      stm32f1xx_hal_can.o
    0x0800172c   0x0800172c   0x000000a4   Code   RO         4322    i.HAL_CAN_MspInit   can.o
    0x080017d0   0x080017d0   0x0000005e   Code   RO         3489    i.HAL_CAN_Start     stm32f1xx_hal_can.o
    0x0800182e   0x0800182e   0x00000002   PAD
    0x08001830   0x08001830   0x000001a8   Code   RO         1158    i.HAL_DMA_Abort_IT  stm32f1xx_hal_dma.o
    0x080019d8   0x080019d8   0x00000340   Code   RO         1254    i.HAL_GPIO_Init     stm32f1xx_hal_gpio.o
    0x08001d18   0x08001d18   0x00000014   Code   RO         1257    i.HAL_GPIO_TogglePin  stm32f1xx_hal_gpio.o
    0x08001d2c   0x08001d2c   0x0000000c   Code   RO         1258    i.HAL_GPIO_WritePin  stm32f1xx_hal_gpio.o
    0x08001d38   0x08001d38   0x0000000c   Code   RO          871    i.HAL_GetTick       stm32f1xx_hal.o
    0x08001d44   0x08001d44   0x00000028   Code   RO          878    i.HAL_Init          stm32f1xx_hal.o
    0x08001d6c   0x08001d6c   0x0000004c   Code   RO          879    i.HAL_InitTick      stm32f1xx_hal.o
    0x08001db8   0x08001db8   0x00000002   Code   RO          881    i.HAL_MspInit       stm32f1xx_hal.o
    0x08001dba   0x08001dba   0x00000020   Code   RO         1036    i.HAL_NVIC_EnableIRQ  stm32f1xx_hal_cortex.o
    0x08001dda   0x08001dda   0x0000007c   Code   RO         1042    i.HAL_NVIC_SetPriority  stm32f1xx_hal_cortex.o
    0x08001e56   0x08001e56   0x00000002   PAD
    0x08001e58   0x08001e58   0x00000028   Code   RO         1043    i.HAL_NVIC_SetPriorityGrouping  stm32f1xx_hal_cortex.o
    0x08001e80   0x08001e80   0x0000018c   Code   RO         1479    i.HAL_RCC_ClockConfig  stm32f1xx_hal_rcc.o
    0x0800200c   0x0800200c   0x0000000c   Code   RO         1484    i.HAL_RCC_GetHCLKFreq  stm32f1xx_hal_rcc.o
    0x08002018   0x08002018   0x00000020   Code   RO         1486    i.HAL_RCC_GetPCLK1Freq  stm32f1xx_hal_rcc.o
    0x08002038   0x08002038   0x00000020   Code   RO         1487    i.HAL_RCC_GetPCLK2Freq  stm32f1xx_hal_rcc.o
    0x08002058   0x08002058   0x00000094   Code   RO         1488    i.HAL_RCC_GetSysClockFreq  stm32f1xx_hal_rcc.o
    0x080020ec   0x080020ec   0x00000464   Code   RO         1491    i.HAL_RCC_OscConfig  stm32f1xx_hal_rcc.o
    0x08002550   0x08002550   0x00000028   Code   RO         1045    i.HAL_SYSTICK_CLKSourceConfig  stm32f1xx_hal_cortex.o
    0x08002578   0x08002578   0x00000034   Code   RO         1047    i.HAL_SYSTICK_Config  stm32f1xx_hal_cortex.o
    0x080025ac   0x080025ac   0x00000066   Code   RO         2481    i.HAL_TIM_Base_Init  stm32f1xx_hal_tim.o
    0x08002612   0x08002612   0x00000002   Code   RO         2483    i.HAL_TIM_Base_MspInit  stm32f1xx_hal_tim.o
    0x08002614   0x08002614   0x00000090   Code   RO         2486    i.HAL_TIM_Base_Start_IT  stm32f1xx_hal_tim.o
    0x080026a4   0x080026a4   0x00000002   Code   RO         1642    i.HAL_UART_ErrorCallback  stm32f1xx_hal_uart.o
    0x080026a6   0x080026a6   0x00000002   PAD
    0x080026a8   0x080026a8   0x00000154   Code   RO         1645    i.HAL_UART_IRQHandler  stm32f1xx_hal_uart.o
    0x080027fc   0x080027fc   0x00000072   Code   RO         1646    i.HAL_UART_Init     stm32f1xx_hal_uart.o
    0x0800286e   0x0800286e   0x00000002   PAD
    0x08002870   0x08002870   0x000000b4   Code   RO          783    i.HAL_UART_MspInit  usart.o
    0x08002924   0x08002924   0x000000d8   Code   RO         1649    i.HAL_UART_Receive  stm32f1xx_hal_uart.o
    0x080029fc   0x080029fc   0x00000070   Code   RO         1651    i.HAL_UART_Receive_IT  stm32f1xx_hal_uart.o
    0x08002a6c   0x08002a6c   0x00000088   Code   RO          784    i.HAL_UART_RxCpltCallback  usart.o
    0x08002af4   0x08002af4   0x000000d2   Code   RO         1654    i.HAL_UART_Transmit  stm32f1xx_hal_uart.o
    0x08002bc6   0x08002bc6   0x00000002   Code   RO         1657    i.HAL_UART_TxCpltCallback  stm32f1xx_hal_uart.o
    0x08002bc8   0x08002bc8   0x00000004   Code   RO          467    i.HardFault_Handler  stm32f1xx_it.o
    0x08002bcc   0x08002bcc   0x00000004   Code   RO          468    i.MemManage_Handler  stm32f1xx_it.o
    0x08002bd0   0x08002bd0   0x00000038   Code   RO         4265    i.ModbusCRC_CheckTable  crc.o
    0x08002c08   0x08002c08   0x0000082e   Code   RO         4380    i.Motor_Init        motor.o
    0x08003436   0x08003436   0x00000002   PAD
    0x08003438   0x08003438   0x000001ec   Code   RO         4382    i.Motor_Init_Maxon  motor.o
    0x08003624   0x08003624   0x00000002   Code   RO          469    i.NMI_Handler       stm32f1xx_it.o
    0x08003626   0x08003626   0x0000000c   Code   RO         4511    i.PID_Reset         control.o
    0x08003632   0x08003632   0x00000086   Code   RO         4384    i.ProfileVelocity   motor.o
    0x080036b8   0x080036b8   0x00000028   Code   RO         1492    i.RCC_Delay         stm32f1xx_hal_rcc.o
    0x080036e0   0x080036e0   0x00000002   Code   RO          470    i.SVC_Handler       stm32f1xx_it.o
    0x080036e2   0x080036e2   0x00000046   Code   RO         4389    i.SetVelocity       motor.o
    0x08003728   0x08003728   0x0000003a   Code   RO         4390    i.StopMotor         motor.o
    0x08003762   0x08003762   0x00000042   Code   RO         4392    i.StopMotor_Maxon   motor.o
    0x080037a4   0x080037a4   0x00000002   Code   RO          265    i.SystemInit        system_stm32f1xx.o
    0x080037a6   0x080037a6   0x00000002   PAD
    0x080037a8   0x080037a8   0x00000044   Code   RO         4728    i.TIM4_IRQHandler   usmart_port.o
    0x080037ec   0x080037ec   0x0000009c   Code   RO         2574    i.TIM_Base_SetConfig  stm32f1xx_hal_tim.o
    0x08003888   0x08003888   0x00000014   Code   RO         1659    i.UART_DMAAbortOnError  stm32f1xx_hal_uart.o
    0x0800389c   0x0800389c   0x00000020   Code   RO         1669    i.UART_EndRxTransfer  stm32f1xx_hal_uart.o
    0x080038bc   0x080038bc   0x00000020   Code   RO         1670    i.UART_EndTransmit_IT  stm32f1xx_hal_uart.o
    0x080038dc   0x080038dc   0x000000a0   Code   RO         1672    i.UART_Receive_IT   stm32f1xx_hal_uart.o
    0x0800397c   0x0800397c   0x000000fc   Code   RO         1673    i.UART_SetConfig    stm32f1xx_hal_uart.o
    0x08003a78   0x08003a78   0x00000060   Code   RO         1674    i.UART_Transmit_IT  stm32f1xx_hal_uart.o
    0x08003ad8   0x08003ad8   0x0000006c   Code   RO         1675    i.UART_WaitOnFlagUntilTimeout  stm32f1xx_hal_uart.o
    0x08003b44   0x08003b44   0x00000024   Code   RO          785    i.USART1_IRQHandler  usart.o
    0x08003b68   0x08003b68   0x00000048   Code   RO         4011    i.USART2_IRQHandler  rs485.o
    0x08003bb0   0x08003bb0   0x00000004   Code   RO          471    i.UsageFault_Handler  stm32f1xx_it.o
    0x08003bb4   0x08003bb4   0x00000028   Code   RO         5092    i.__ARM_fpclassify  m_ws.l(fpclassify.o)
    0x08003bdc   0x08003bdc   0x00000010   Code   RO         1049    i.__NVIC_GetPriorityGrouping  stm32f1xx_hal_cortex.o
    0x08003bec   0x08003bec   0x00000028   Code   RO         1050    i.__NVIC_SetPriority  stm32f1xx_hal_cortex.o
    0x08003c14   0x08003c14   0x00000388   Code   RO         5049    i.__ieee754_rem_pio2  m_ws.l(rred.o)
    0x08003f9c   0x08003f9c   0x000000fc   Code   RO         5032    i.__kernel_cos      m_ws.l(cos_i.o)
    0x08004098   0x08004098   0x000000aa   Code   RO         5094    i.__kernel_poly     m_ws.l(poly.o)
    0x08004142   0x08004142   0x00000002   PAD
    0x08004144   0x08004144   0x000000ec   Code   RO         5054    i.__kernel_sin      m_ws.l(sin_i.o)
    0x08004230   0x08004230   0x00000006   Code   RO         5036    i.__mathlib_dbl_infnan  m_ws.l(dunder.o)
    0x08004236   0x08004236   0x0000000c   Code   RO         5038    i.__mathlib_dbl_invalid  m_ws.l(dunder.o)
    0x08004242   0x08004242   0x00000002   PAD
    0x08004244   0x08004244   0x00000010   Code   RO         5041    i.__mathlib_dbl_underflow  m_ws.l(dunder.o)
    0x08004254   0x08004254   0x0000000e   Code   RO         4911    i._is_digit         c_w.l(__printf_wp.o)
    0x08004262   0x08004262   0x00000004   Code   RO          787    i._sys_exit         usart.o
    0x08004266   0x08004266   0x00000106   Code   RO         4512    i.active_control    control.o
    0x0800436c   0x0800436c   0x000001a8   Code   RO         4514    i.active_control_position_limitation  control.o
    0x08004514   0x08004514   0x0000008c   Code   RO         4323    i.can_init          can.o
    0x080045a0   0x080045a0   0x0000004c   Code   RO         4324    i.can_receive_msg   can.o
    0x080045ec   0x080045ec   0x00000048   Code   RO         4325    i.can_send_msg      can.o
    0x08004634   0x08004634   0x0000009c   Code   RO         4992    i.cos               m_ws.l(cos.o)
    0x080046d0   0x080046d0   0x00000028   Code   RO          664    i.delay_init        delay.o
    0x080046f8   0x080046f8   0x00000038   Code   RO          665    i.delay_ms          delay.o
    0x08004730   0x08004730   0x0000004c   Code   RO          666    i.delay_us          delay.o
    0x0800477c   0x0800477c   0x0000001c   Code   RO          789    i.fputc             usart.o
    0x08004798   0x08004798   0x0000011c   Code   RO         4517    i.free_move         control.o
    0x080048b4   0x080048b4   0x000000b8   Code   RO         3977    i.key_init          key.o
    0x0800496c   0x0800496c   0x00000090   Code   RO         3697    i.led_init          led.o
    0x080049fc   0x080049fc   0x0000035c   Code   RO           13    i.main              main.o
    0x08004d58   0x08004d58   0x0000008c   Code   RO         4519    i.pid_control       control.o
    0x08004de4   0x08004de4   0x00000006   Code   RO         4619    i.read_addr         usmart.o
    0x08004dea   0x08004dea   0x00000002   PAD
    0x08004dec   0x08004dec   0x00000120   Code   RO         4012    i.rs485_init        rs485.o
    0x08004f0c   0x08004f0c   0x00000040   Code   RO         4013    i.rs485_receive_data  rs485.o
    0x08004f4c   0x08004f4c   0x00000044   Code   RO         4014    i.rs485_send_data   rs485.o
    0x08004f90   0x08004f90   0x0000004c   Code   RO         4520    i.send_joint_data_to_pc  control.o
    0x08004fdc   0x08004fdc   0x00000012   Code   RO         4521    i.sgn               control.o
    0x08004fee   0x08004fee   0x00000002   PAD
    0x08004ff0   0x08004ff0   0x00000054   Code   RO         4522    i.state_choice_func  control.o
    0x08005044   0x08005044   0x00000066   Code   RO          716    i.sys_stm32_clock_init  sys.o
    0x080050aa   0x080050aa   0x00000002   PAD
    0x080050ac   0x080050ac   0x0000024c   Code   RO         4523    i.torque2velocity   control.o
    0x080052f8   0x080052f8   0x00000070   Code   RO         4525    i.update_motor_speed  control.o
    0x08005368   0x08005368   0x00000038   Code   RO          790    i.usart_init        usart.o
    0x080053a0   0x080053a0   0x000000b0   Code   RO         4620    i.usmart_cmd_rec    usmart.o
    0x08005450   0x08005450   0x000002d4   Code   RO         4621    i.usmart_exe        usmart.o
    0x08005724   0x08005724   0x000000d4   Code   RO         4779    i.usmart_get_aparm  usmart_str.o
    0x080057f8   0x080057f8   0x00000036   Code   RO         4780    i.usmart_get_cmdname  usmart_str.o
    0x0800582e   0x0800582e   0x00000002   PAD
    0x08005830   0x08005830   0x000001c0   Code   RO         4781    i.usmart_get_fname  usmart_str.o
    0x080059f0   0x080059f0   0x0000010c   Code   RO         4782    i.usmart_get_fparam  usmart_str.o
    0x08005afc   0x08005afc   0x00000028   Code   RO         4729    i.usmart_get_input_string  usmart_port.o
    0x08005b24   0x08005b24   0x00000020   Code   RO         4783    i.usmart_get_parmpos  usmart_str.o
    0x08005b44   0x08005b44   0x00000028   Code   RO         4622    i.usmart_init       usmart.o
    0x08005b6c   0x08005b6c   0x00000016   Code   RO         4784    i.usmart_pow        usmart_str.o
    0x08005b82   0x08005b82   0x00000002   PAD
    0x08005b84   0x08005b84   0x000000a8   Code   RO         4623    i.usmart_scan       usmart.o
    0x08005c2c   0x08005c2c   0x00000016   Code   RO         4785    i.usmart_search_nextc  usmart_str.o
    0x08005c42   0x08005c42   0x00000106   Code   RO         4786    i.usmart_str2num    usmart_str.o
    0x08005d48   0x08005d48   0x00000022   Code   RO         4787    i.usmart_strcmp     usmart_str.o
    0x08005d6a   0x08005d6a   0x00000016   Code   RO         4788    i.usmart_strcopy    usmart_str.o
    0x08005d80   0x08005d80   0x00000018   Code   RO         4789    i.usmart_strlen     usmart_str.o
    0x08005d98   0x08005d98   0x000006f4   Code   RO         4624    i.usmart_sys_cmd_exe  usmart.o
    0x0800648c   0x0800648c   0x00000044   Code   RO         4730    i.usmart_timx_get_time  usmart_port.o
    0x080064d0   0x080064d0   0x00000060   Code   RO         4731    i.usmart_timx_init  usmart_port.o
    0x08006530   0x08006530   0x00000034   Code   RO         4732    i.usmart_timx_reset_time  usmart_port.o
    0x08006564   0x08006564   0x00000004   Code   RO         4625    i.write_addr        usmart.o
    0x08006568   0x08006568   0x0000002c   Code   RO         5121    locale$$code        c_w.l(lc_ctype_c.o)
    0x08006594   0x08006594   0x00000062   Code   RO         4941    x$fpl$d2f           fz_ws.l(d2f.o)
    0x080065f6   0x080065f6   0x00000002   PAD
    0x080065f8   0x080065f8   0x00000150   Code   RO         4943    x$fpl$dadd          fz_ws.l(daddsub_clz.o)
    0x08006748   0x08006748   0x00000010   Code   RO         5111    x$fpl$dcheck1       fz_ws.l(dcheck1.o)
    0x08006758   0x08006758   0x000002b0   Code   RO         4950    x$fpl$ddiv          fz_ws.l(ddiv.o)
    0x08006a08   0x08006a08   0x0000005e   Code   RO         4953    x$fpl$dfix          fz_ws.l(dfix.o)
    0x08006a66   0x08006a66   0x0000002e   Code   RO         4962    x$fpl$dflt          fz_ws.l(dflt_clz.o)
    0x08006a94   0x08006a94   0x00000026   Code   RO         4961    x$fpl$dfltu         fz_ws.l(dflt_clz.o)
    0x08006aba   0x08006aba   0x00000002   PAD
    0x08006abc   0x08006abc   0x00000154   Code   RO         4967    x$fpl$dmul          fz_ws.l(dmul.o)
    0x08006c10   0x08006c10   0x0000009c   Code   RO         5021    x$fpl$dnaninf       fz_ws.l(dnaninf.o)
    0x08006cac   0x08006cac   0x0000000c   Code   RO         5023    x$fpl$dretinf       fz_ws.l(dretinf.o)
    0x08006cb8   0x08006cb8   0x00000016   Code   RO         4944    x$fpl$drsb          fz_ws.l(daddsub_clz.o)
    0x08006cce   0x08006cce   0x00000002   PAD
    0x08006cd0   0x08006cd0   0x000001d4   Code   RO         4945    x$fpl$dsub          fz_ws.l(daddsub_clz.o)
    0x08006ea4   0x08006ea4   0x00000056   Code   RO         4969    x$fpl$f2d           fz_ws.l(f2d.o)
    0x08006efa   0x08006efa   0x00000002   PAD
    0x08006efc   0x08006efc   0x000000c4   Code   RO         4971    x$fpl$fadd          fz_ws.l(faddsub_clz.o)
    0x08006fc0   0x08006fc0   0x00000018   Code   RO         5025    x$fpl$fcmpinf       fz_ws.l(fcmpi.o)
    0x08006fd8   0x08006fd8   0x00000036   Code   RO         4977    x$fpl$ffix          fz_ws.l(ffix.o)
    0x0800700e   0x0800700e   0x00000002   PAD
    0x08007010   0x08007010   0x00000030   Code   RO         4982    x$fpl$fflt          fz_ws.l(fflt_clz.o)
    0x08007040   0x08007040   0x00000068   Code   RO         4987    x$fpl$fleqf         fz_ws.l(fleqf.o)
    0x080070a8   0x080070a8   0x00000102   Code   RO         4989    x$fpl$fmul          fz_ws.l(fmul.o)
    0x080071aa   0x080071aa   0x0000008c   Code   RO         5027    x$fpl$fnaninf       fz_ws.l(fnaninf.o)
    0x08007236   0x08007236   0x0000000a   Code   RO         5029    x$fpl$fretinf       fz_ws.l(fretinf.o)
    0x08007240   0x08007240   0x000000ea   Code   RO         4973    x$fpl$fsub          fz_ws.l(faddsub_clz.o)
    0x0800732a   0x0800732a   0x00000064   Code   RO         5168    x$fpl$retnan        fz_ws.l(retnan.o)
    0x0800738e   0x0800738e   0x0000005c   Code   RO         5090    x$fpl$scalbn        fz_ws.l(scalbn.o)
    0x080073ea   0x080073ea   0x00000030   Code   RO         5183    x$fpl$trapveneer    fz_ws.l(trapv.o)
    0x0800741a   0x0800741a   0x00000000   Code   RO         5031    x$fpl$usenofp       fz_ws.l(usenofp.o)
    0x0800741a   0x0800741a   0x00000018   Data   RO          266    .constdata          system_stm32f1xx.o
    0x08007432   0x08007432   0x00000002   PAD
    0x08007434   0x08007434   0x00000228   Data   RO         4269    .constdata          crc.o
    0x0800765c   0x0800765c   0x00000028   Data   RO         4884    .constdata          c_w.l(_printf_hex_int.o)
    0x08007684   0x08007684   0x00000011   Data   RO         4919    .constdata          c_w.l(__printf_flags_ss_wp.o)
    0x08007695   0x08007695   0x00000003   PAD
    0x08007698   0x08007698   0x00000030   Data   RO         5033    .constdata          m_ws.l(cos_i.o)
    0x080076c8   0x080076c8   0x000000c8   Data   RO         5051    .constdata          m_ws.l(rred.o)
    0x08007790   0x08007790   0x00000028   Data   RO         5055    .constdata          m_ws.l(sin_i.o)
    0x080077b8   0x080077b8   0x00000028   Data   RO         4626    .conststring        usmart.o
    0x080077e0   0x080077e0   0x000000b8   Data   RO         4693    .conststring        usmart_config.o
    0x08007898   0x08007898   0x00000020   Data   RO         5244    Region$$Table       anon$$obj.o
    0x080078b8   0x080078b8   0x00000110   Data   RO         5120    locale$$data        c_w.l(lc_ctype_c.o)


    Execution Region RW_IRAM1 (Exec base: 0x20000000, Load base: 0x080079c8, Size: 0x000009e0, Max: 0x00010000, ABSOLUTE, COMPRESSED[0x0000005c])

    Exec Addr    Load Addr    Size         Type   Attr      Idx    E Section Name        Object

    0x20000000   COMPRESSED   0x00000004   Data   RW          267    .data               system_stm32f1xx.o
    0x20000004   COMPRESSED   0x00000002   Data   RW          667    .data               delay.o
    0x20000006   COMPRESSED   0x00000002   PAD
    0x20000008   COMPRESSED   0x00000007   Data   RW          792    .data               usart.o
    0x2000000f   COMPRESSED   0x00000001   PAD
    0x20000010   COMPRESSED   0x00000009   Data   RW          885    .data               stm32f1xx_hal.o
    0x20000019   COMPRESSED   0x00000001   Data   RW         4016    .data               rs485.o
    0x2000001a   COMPRESSED   0x00000002   PAD
    0x2000001c   COMPRESSED   0x0000001c   Data   RW         4627    .data               usmart.o
    0x20000038   COMPRESSED   0x0000011c   Data   RW         4694    .data               usmart_config.o
    0x20000154        -       0x00000108   Zero   RW          791    .bss                usart.o
    0x2000025c        -       0x00000080   Zero   RW         4015    .bss                rs485.o
    0x200002dc        -       0x0000005c   Zero   RW         4326    .bss                can.o
    0x20000338        -       0x00000048   Zero   RW         4733    .bss                usmart_port.o
    0x20000380        -       0x00000060   Zero   RW         5097    .bss                c_w.l(libspace.o)
    0x200003e0        -       0x00000200   Zero   RW            2    HEAP                startup_stm32f103xe.o
    0x200005e0        -       0x00000400   Zero   RW            1    STACK               startup_stm32f103xe.o


==============================================================================

Image component sizes


      Code (inc. data)   RO Data    RW Data    ZI Data      Debug   Object Name

       452         42          0          0         92       3739   can.o
      2000         76          0          0          0       7525   control.o
        56          8        552          0          0       1454   crc.o
       172         16          0          2          0       1887   delay.o
       184         12          0          0          0       1003   key.o
       144         12          0          0          0        911   led.o
       860         54          0          0          0       6579   main.o
      3344        172          0          0          0       8490   motor.o
       492         54          0          1        128     421712   rs485.o
        64         26        304          0       1536        936   startup_stm32f103xe.o
       130         24          0          9          0       5913   stm32f1xx_hal.o
      1546          0          0          0          0       6355   stm32f1xx_hal_can.o
       344         22          0          0          0      30057   stm32f1xx_hal_cortex.o
       424         10          0          0          0       1239   stm32f1xx_hal_dma.o
       864         40          0          0          0       3329   stm32f1xx_hal_gpio.o
      1784        110          0          0          0       6052   stm32f1xx_hal_rcc.o
       404         44          0          0          0       3136   stm32f1xx_hal_tim.o
      1696         10          0          0          0      10702   stm32f1xx_hal_uart.o
        22          0          0          0          0       3015   stm32f1xx_it.o
       102          0          0          0          0        715   sys.o
         2          0         24          4          0     490963   system_stm32f1xx.o
       232         48          0          0          0        957   torquesensor.o
       440         54          0          7        264       5413   usart.o
      2898       1308         40         28          0       5782   usmart.o
         0          0        184        284          0       1600   usmart_config.o
       324         50          0          0         72       3338   usmart_port.o
      1400         20          0          0          0       9037   usmart_str.o

    ----------------------------------------------------------------------
     20402       2212       1138        340       2092    1041839   Object Totals
         0          0         32          0          0          0   (incl. Generated)
        22          0          2          5          0          0   (incl. Padding)

    ----------------------------------------------------------------------

      Code (inc. data)   RO Data    RW Data    ZI Data      Debug   Library Member Name

        60          8          0          0          0         84   __0sscanf.o
        90          0          0          0          0          0   __dczerorl2.o
         8          0          0          0          0         68   __main.o
       392          4         17          0          0         92   __printf_flags_ss_wp.o
        14          0          0          0          0         68   __printf_wp.o
         0          0          0          0          0          0   __rtentry.o
        12          0          0          0          0          0   __rtentry2.o
         6          0          0          0          0          0   __rtentry4.o
        52          8          0          0          0          0   __scatter.o
        28          0          0          0          0          0   __scatter_zi.o
        28          0          0          0          0         68   _chval.o
         6          0          0          0          0          0   _printf_c.o
        44          0          0          0          0        108   _printf_char.o
        48          6          0          0          0         96   _printf_char_common.o
        36          4          0          0          0         80   _printf_char_file.o
         6          0          0          0          0          0   _printf_d.o
       120         16          0          0          0         92   _printf_dec.o
        88          4         40          0          0         88   _printf_hex_int.o
       178          0          0          0          0         88   _printf_intcommon.o
        78          0          0          0          0        108   _printf_pad.o
         0          0          0          0          0          0   _printf_percent.o
         4          0          0          0          0          0   _printf_percent_end.o
         6          0          0          0          0          0   _printf_s.o
        82          0          0          0          0         80   _printf_str.o
         6          0          0          0          0          0   _printf_u.o
         6          0          0          0          0          0   _printf_x.o
        22          0          0          0          0        100   _rserrno.o
       884          4          0          0          0        100   _scanf.o
       332          0          0          0          0         96   _scanf_int.o
        64          0          0          0          0         84   _sgetc.o
        10          0          0          0          0         68   _sputc.o
        18          0          0          0          0         80   exit.o
         8          0          0          0          0         68   ferror.o
         6          0          0          0          0        152   heapauxi.o
        18          0          0          0          0         76   isspace.o
        44         10        272          0          0         76   lc_ctype_c.o
         2          0          0          0          0          0   libinit.o
        20          0          0          0          0          0   libinit2.o
         2          0          0          0          0          0   libshutdown.o
         2          0          0          0          0          0   libshutdown2.o
         8          4          0          0         96         68   libspace.o
        24          4          0          0          0         84   noretval__2printf.o
        40          6          0          0          0         84   noretval__2sprintf.o
        16          4          0          0          0         76   rt_ctype_table.o
         8          4          0          0          0         68   rt_errno_addr_intlibspace.o
         8          4          0          0          0         68   rt_locale_intlibspace.o
        78          0          0          0          0         80   rt_memclr_w.o
         2          0          0          0          0          0   rtexit.o
        10          0          0          0          0          0   rtexit2.o
        44          8          0          0          0         84   scanf_char.o
       128          0          0          0          0         68   strcmpv7m.o
        62          0          0          0          0         76   strlen.o
       150          0          0          0          0         80   strncmp.o
        74          0          0          0          0         80   sys_stackheap_outer.o
         2          0          0          0          0         68   use_no_semi.o
         2          0          0          0          0         68   use_no_semi_2.o
        98          4          0          0          0         92   d2f.o
       826         16          0          0          0        348   daddsub_clz.o
        16          4          0          0          0         68   dcheck1.o
       688        140          0          0          0        208   ddiv.o
        94          4          0          0          0         92   dfix.o
        84          0          0          0          0        136   dflt_clz.o
       340         12          0          0          0        104   dmul.o
       156          4          0          0          0         92   dnaninf.o
        12          0          0          0          0         68   dretinf.o
        86          4          0          0          0         84   f2d.o
       430          8          0          0          0        168   faddsub_clz.o
        24          0          0          0          0         68   fcmpi.o
        54          4          0          0          0         84   ffix.o
        48          0          0          0          0         68   fflt_clz.o
       104          4          0          0          0         84   fleqf.o
       258          4          0          0          0         84   fmul.o
       140          4          0          0          0         84   fnaninf.o
        10          0          0          0          0         68   fretinf.o
       100          0          0          0          0         68   retnan.o
        92          0          0          0          0         68   scalbn.o
        48          0          0          0          0         68   trapv.o
         0          0          0          0          0          0   usenofp.o
       156          8          0          0          0        104   cos.o
       252         22         48          0          0        124   cos_i.o
        34          6          0          0          0        204   dunder.o
        40          0          0          0          0         68   fpclassify.o
       170          0          0          0          0         96   poly.o
       904         76        200          0          0        140   rred.o
       236         12         40          0          0        128   sin_i.o

    ----------------------------------------------------------------------
      9016        434        620          0         96       6140   Library Totals
        30          0          3          0          0          0   (incl. Padding)

    ----------------------------------------------------------------------

      Code (inc. data)   RO Data    RW Data    ZI Data      Debug   Library Name

      3486         98        329          0         96       3072   c_w.l
      3708        212          0          0          0       2204   fz_ws.l
      1792        124        288          0          0        864   m_ws.l

    ----------------------------------------------------------------------
      9016        434        620          0         96       6140   Library Totals

    ----------------------------------------------------------------------

==============================================================================


      Code (inc. data)   RO Data    RW Data    ZI Data      Debug   

     29418       2646       1758        340       2188    1038459   Grand Totals
     29418       2646       1758         92       2188    1038459   ELF Image Totals (compressed)
     29418       2646       1758         92          0          0   ROM Totals

==============================================================================

    Total RO  Size (Code + RO Data)                31176 (  30.45kB)
    Total RW  Size (RW Data + ZI Data)              2528 (   2.47kB)
    Total ROM Size (Code + RO Data + RW Data)      31268 (  30.54kB)

==============================================================================

