<html>
<body>
<pre>
<h1>µVision Build Log</h1>
<h2>Project:</h2>
D:\Keil5\workspace\Project_MultiJointArm\Projects\MDK-ARM\atk_f103.uvprojx
Project File Date:  03/10/2023

<h2>Output:</h2>
Build target 'MultiJointArm'
compiling control.c...
linking...
Program Size: Code=20544 RO-data=1196 RW-data=340 ZI-data=2188  
FromELF: creating hex file...
"..\..\Output\atk_f103.axf" - 0 Error(s), 0 Warning(s).
Load "..\\..\\Output\\atk_f103.axf" 
Erase Done.
Programming Done.
Verify OK.
rase Done.
Programming Done.
Verify OK.
103.axf" - 0 Error(s), 1 Warning(s).
